2026-06-16 23:16:19.171  INFO [no-trace] o.h.validator.internal.util.Version      : HV000001: Hibernate Validator 8.0.1.Final
2026-06-16 23:16:19.184  INFO [no-trace] c.j.service.EndToEndValidationTest       : Starting EndToEndValidationTest using Java 17.0.15 with PID 212309 (started by root in /root/java/AgentCV_Java)
2026-06-16 23:16:19.185 DEBUG [no-trace] c.j.service.EndToEndValidationTest       : Running with Spring Boot v3.2.12, Spring v6.1.15
2026-06-16 23:16:19.185  INFO [no-trace] c.j.service.EndToEndValidationTest       : No active profile set, falling back to 1 default profile: "default"
2026-06-16 23:16:19.650 DEBUG [no-trace] d.l.s.spring.ClassPathAiServiceScanner   : Identified candidate component class: file [/root/java/AgentCV_Java/target/classes/com/jobagent/service/FactCriticAgent.class]
2026-06-16 23:16:19.650 DEBUG [no-trace] d.l.s.spring.ClassPathAiServiceScanner   : Identified candidate component class: file [/root/java/AgentCV_Java/target/classes/com/jobagent/service/JdAnalyzeService.class]
2026-06-16 23:16:19.651 DEBUG [no-trace] d.l.s.spring.ClassPathAiServiceScanner   : Identified candidate component class: file [/root/java/AgentCV_Java/target/classes/com/jobagent/service/MatchEvaluatorService.class]
2026-06-16 23:16:19.651 DEBUG [no-trace] d.l.s.spring.ClassPathAiServiceScanner   : Identified candidate component class: file [/root/java/AgentCV_Java/target/classes/com/jobagent/service/ResumeWriterAgent.class]
2026-06-16 23:16:20.780  INFO [no-trace] c.j.service.EndToEndValidationTest       : Started EndToEndValidationTest in 1.89 seconds (process running for 2.715)
2026-06-16 23:16:21.352  INFO [no-trace] c.j.service.RewriteCoordinatorService    : Actor-Critic round=1/2, hasFeedback=false
2026-06-16 23:16:35.380  INFO [no-trace] c.j.service.RewriteCoordinatorService    : Critic result: approved=false, maxSeverity=3, violations=1, round=1/2
2026-06-16 23:16:35.380  INFO [no-trace] c.j.service.RewriteCoordinatorService    : Critic not approved, maxSeverity=3, entering rewrite loop. round=1/2
2026-06-16 23:16:35.381  INFO [no-trace] c.j.service.RewriteCoordinatorService    : Actor-Critic round=2/2, hasFeedback=true
2026-06-16 23:16:42.524  INFO [no-trace] c.j.service.RewriteCoordinatorService    : Critic result: approved=true, maxSeverity=0, violations=0, round=2/2
2026-06-16 23:16:42.538  INFO [no-trace] c.j.service.EndToEndValidationTest       : [E2E-1 ✓] rounds=2 output=负责订单系统高并发优化，通过引入Redis分布式缓存和RocketMQ异步消息队列，将系统QPS从500提升至2000。
2026-06-16 23:16:42.545  INFO [no-trace] c.j.service.RewriteCoordinatorService    : Actor-Critic round=1/2, hasFeedback=false
2026-06-16 23:17:00.474  INFO [no-trace] c.j.service.RewriteCoordinatorService    : Critic result: approved=false, maxSeverity=2, violations=2, round=1/2
2026-06-16 23:17:00.474  WARN [no-trace] c.j.service.RewriteCoordinatorService    : Critic not approved but maxSeverity=2 (MINOR_EMBELLISHMENT only), treating as passed. round=1/2
2026-06-16 23:17:00.474  INFO [no-trace] c.j.service.EndToEndValidationTest       : [E2E-3 ✓] rounds=1 output=基于Spring Boot和MyBatis框架，设计并实现了订单系统的RESTful API，支持高并发下的订单创建与查询 | 采用分层架构设计，分离控制器、服务层和数据访问层，提升代码可维护性和扩展性
2026-06-16 23:17:00.476  INFO [no-trace] c.j.service.RewriteCoordinatorService    : Actor-Critic round=1/2, hasFeedback=false
2026-06-16 23:17:10.312  INFO [no-trace] c.j.service.RewriteCoordinatorService    : Critic result: approved=true, maxSeverity=0, violations=0, round=1/2
2026-06-16 23:17:14.425  INFO [no-trace] c.j.service.EndToEndValidationTest       : [E2E-2 ✓] rounds=1 approved=true violations=0
2026-06-16 23:17:14.428  INFO [no-trace] c.j.service.RewriteCoordinatorService    : Actor-Critic round=1/2, hasFeedback=false
2026-06-16 23:17:30.224  INFO [no-trace] c.j.service.RewriteCoordinatorService    : Critic result: approved=false, maxSeverity=3, violations=2, round=1/2
2026-06-16 23:17:30.224  INFO [no-trace] c.j.service.RewriteCoordinatorService    : Critic not approved, maxSeverity=3, entering rewrite loop. round=1/2
2026-06-16 23:17:30.224  INFO [no-trace] c.j.service.RewriteCoordinatorService    : Actor-Critic round=2/2, hasFeedback=true
2026-06-16 23:17:35.802  INFO [no-trace] c.j.service.RewriteCoordinatorService    : Critic result: approved=true, maxSeverity=0, violations=0, round=2/2
2026-06-16 23:17:37.371  INFO [no-trace] c.j.service.EndToEndValidationTest       : [E2E-4 ✓] rounds=2 approved=true violations=0
2026-06-16 23:17:37.384 DEBUG [no-trace] c.j.s.MatchEvaluationFacadeService       : 裁剪前 JD=2字 简历=6字，裁剪后 JD=2字 简历=6字
2026-06-16 23:17:37.431 DEBUG [no-trace] c.j.s.MatchEvaluationFacadeService       : 裁剪前 JD=2字 简历=6字，裁剪后 JD=2字 简历=6字
2026-06-16 23:17:37.441 DEBUG [no-trace] c.j.s.MatchEvaluationFacadeService       : 裁剪前 JD=4406字 简历=96字，裁剪后 JD=1498字 简历=96字
2026-06-16 23:17:37.449 DEBUG [no-trace] c.j.s.MatchEvaluationFacadeService       : 裁剪前 JD=2字 简历=6字，裁剪后 JD=2字 简历=6字
2026-06-16 23:17:37.457 DEBUG [no-trace] c.j.s.MatchEvaluationFacadeService       : 裁剪前 JD=2字 简历=6字，裁剪后 JD=2字 简历=6字
2026-06-16 23:17:37.465 DEBUG [no-trace] c.j.s.MatchEvaluationFacadeService       : 裁剪前 JD=2字 简历=6字，裁剪后 JD=2字 简历=6字
2026-06-16 23:17:37.471 DEBUG [no-trace] c.j.s.MatchEvaluationFacadeService       : 裁剪前 JD=2字 简历=6字，裁剪后 JD=2字 简历=6字
2026-06-16 23:17:37.489 DEBUG [no-trace] c.j.s.MatchEvaluationFacadeService       : 裁剪前 JD=2字 简历=6字，裁剪后 JD=2字 简历=6字
2026-06-16 23:17:37.496 DEBUG [no-trace] c.j.s.MatchEvaluationFacadeService       : 裁剪前 JD=2字 简历=6字，裁剪后 JD=2字 简历=6字
2026-06-16 23:17:37.511 DEBUG [no-trace] c.j.s.MatchEvaluationFacadeService       : 裁剪前 JD=2字 简历=6字，裁剪后 JD=2字 简历=6字
2026-06-16 23:17:37.535  INFO [no-trace] t.c.s.AnnotationConfigContextLoaderUtils : Could not detect default configuration classes for test class [com.jobagent.service.CriticPrecisionTest]: CriticPrecisionTest does not declare any static, non-private, non-final, nested classes annotated with @Configuration.
2026-06-16 23:17:37.537  INFO [no-trace] .b.t.c.SpringBootTestContextBootstrapper : Found @SpringBootConfiguration com.jobagent.JobAgentApplication for test class com.jobagent.service.CriticPrecisionTest
2026-06-16 23:17:37.540  INFO [no-trace] c.jobagent.service.CriticPrecisionTest   : === CT-1: 数字膨胀 (QPS 50000 ≠ 2000) ===
2026-06-16 23:17:43.273  INFO [no-trace] c.jobagent.service.CriticPrecisionTest   :   [sample 1] ✓ approved=false, violations=[BP1 FAKE_DATA(sev=4): 原始项目经历中明确写明“QPS从500提升至2000”，但简历要点写为“QPS从500提升至50000”，数值严重不符，...], [BP1 EXAGGERATION(sev=3): 原始项目经历中写“负责订单系统优化”，但简历要点写“主导设计高并发订单系统”，将“负责”夸大为“主导设计”，角色定位过度...]
2026-06-16 23:17:48.533  INFO [no-trace] c.jobagent.service.CriticPrecisionTest   :   [sample 2] ✓ approved=false, violations=[BP1 FAKE_DATA(sev=5): 原文明确写的是'QPS从500提升至2000'，但bullet 1中写'QPS从500提升至50000'，50000与原...], [BP1 EXAGGERATION(sev=3): 原文角色为'负责订单系统优化'，而bullet 1写'主导设计高并发订单系统'，从'负责'夸大为'主导设计'，属于角色夸...]
2026-06-16 23:17:54.075  INFO [no-trace] c.jobagent.service.CriticPrecisionTest   :   [sample 3] ✓ approved=false, violations=[BP1 FAKE_DATA(sev=5): 原始项目经历中QPS从500提升至2000，但bullet point写为'QPS从500提升至50000'，数值严重不...]
2026-06-16 23:17:54.075  INFO [no-trace] c.jobagent.service.CriticPrecisionTest   :   CT-1 结果: 命中率=3/3, 假阳性=0, 假阴性=0
2026-06-16 23:17:54.075  INFO [no-trace] c.jobagent.service.CriticPrecisionTest   :   ✓ CT-1 通过：3/3 次正确命中
2026-06-16 23:17:54.078  INFO [no-trace] c.jobagent.service.CriticPrecisionTest   : === CT-3: 捏造百分比 (原文无 60%) ===
2026-06-16 23:17:58.136  INFO [no-trace] c.jobagent.service.CriticPrecisionTest   :   [sample 1] ✓ approved=false, violations=[BP2 FAKE_DATA(sev=3): 原文仅提到'QPS从500提升至2000'和'参与了数据库查询优化的相关工作'，但未提及具体的响应时间降低百分比。'系统...]
2026-06-16 23:18:01.991  INFO [no-trace] c.jobagent.service.CriticPrecisionTest   :   [sample 2] ✓ approved=false, violations=[BP2 FAKE_DATA(sev=3): 原文仅提到QPS从500提升至2000，未提及响应时间降低60%。该数据属于捏造。]
2026-06-16 23:18:14.001  INFO [no-trace] c.jobagent.service.CriticPrecisionTest   :   [sample 3] ✓ approved=false, violations=[BP2 FAKE_DATA(sev=3): bullet point 2 声称“系统响应时间降低60%”，但原始项目经历中仅提及“QPS从500提升至2000”，并...]
2026-06-16 23:18:14.001  INFO [no-trace] c.jobagent.service.CriticPrecisionTest   :   CT-3 结果: 命中率=3/3, 假阳性=0, 假阴性=0
2026-06-16 23:18:14.001  INFO [no-trace] c.jobagent.service.CriticPrecisionTest   :   ✓ CT-3 通过：3/3 次正确命中
2026-06-16 23:18:14.005  INFO [no-trace] c.jobagent.service.CriticPrecisionTest   : === CT-2: 技术栈替换 (Kafka ∉ {Redis, RocketMQ}) ===
2026-06-16 23:18:17.820  INFO [no-trace] c.jobagent.service.CriticPrecisionTest   :   [sample 1] ✓ approved=false, violations=[BP2 FAKE_TECH(sev=4): 原始项目经历中明确使用RocketMQ，而简历第2条写为Kafka。原文为'使用了Redis和RocketMQ'，未提及...]
2026-06-16 23:18:20.959  INFO [no-trace] c.jobagent.service.CriticPrecisionTest   :   [sample 2] ✓ approved=false, violations=[BP2 FAKE_TECH(sev=3): 原始项目经历中明确提到使用了RocketMQ，但简历要点第二点写的是Kafka。Kafka并非原文使用的技术栈，属于捏造...]
2026-06-16 23:18:24.075  INFO [no-trace] c.jobagent.service.CriticPrecisionTest   :   [sample 3] ✓ approved=false, violations=[BP2 FAKE_TECH(sev=4): 原始项目经历中使用的消息队列是RocketMQ，而简历要点第2条中写成了Kafka。原文明确提到'使用了Redis和Ro...]
2026-06-16 23:18:24.075  INFO [no-trace] c.jobagent.service.CriticPrecisionTest   :   CT-2 结果: 命中率=3/3, 假阳性=0, 假阴性=0
2026-06-16 23:18:24.075  INFO [no-trace] c.jobagent.service.CriticPrecisionTest   :   ✓ CT-2 通过：3/3 次正确命中
2026-06-16 23:18:24.080  INFO [no-trace] t.c.s.AnnotationConfigContextLoaderUtils : Could not detect default configuration classes for test class [com.jobagent.service.RoundOptimizationValidatorTest]: RoundOptimizationValidatorTest does not declare any static, non-private, non-final, nested classes annotated with @Configuration.
2026-06-16 23:18:24.082  INFO [no-trace] .b.t.c.SpringBootTestContextBootstrapper : Found @SpringBootConfiguration com.jobagent.JobAgentApplication for test class com.jobagent.service.RoundOptimizationValidatorTest
2026-06-16 23:18:24.090  INFO [no-trace] c.j.s.RoundOptimizationValidatorTest     : 已加载 8 组测试用例
2026-06-16 23:18:24.091  INFO [no-trace] c.j.s.RoundOptimizationValidatorTest     : ================================================================
2026-06-16 23:18:24.092  INFO [no-trace] c.j.s.RoundOptimizationValidatorTest     :   循环次数验证实验开始
2026-06-16 23:18:24.092  INFO [no-trace] c.j.s.RoundOptimizationValidatorTest     :   测试用例数: 8  |  变体数: 5  |  预计总 API 调用: ~240次
2026-06-16 23:18:24.092  INFO [no-trace] c.j.s.RoundOptimizationValidatorTest     : ================================================================
2026-06-16 23:18:24.092  INFO [no-trace] c.j.s.RoundOptimizationValidatorTest     : --- 开始 MAX_ROUNDS=1 变体 ---
2026-06-16 23:18:24.092  INFO [no-trace] c.j.service.RewriteCoordinatorService    : Actor-Critic round=1/1, hasFeedback=false
2026-06-16 23:18:36.909  INFO [no-trace] c.j.service.RewriteCoordinatorService    : Critic result: approved=false, maxSeverity=3, violations=1, round=1/1
2026-06-16 23:18:36.910  INFO [no-trace] c.j.service.RewriteCoordinatorService    : Critic not approved, maxSeverity=3, entering rewrite loop. round=1/1
2026-06-16 23:18:36.910  WARN [no-trace] c.j.service.RewriteCoordinatorService    : Actor-Critic reached maxRounds=1, returning last draft
2026-06-16 23:18:42.361  WARN [no-trace] c.j.s.RoundOptimizationValidatorTest     :   [C1-1] 执行异常: com.google.gson.stream.MalformedJsonException: Unterminated object at line 8 column 30 path $.violations[0].detail
2026-06-16 23:18:42.361  INFO [no-trace] c.j.s.RoundOptimizationValidatorTest     :   [C1-1] rounds=1 approved=true violations=0
2026-06-16 23:18:42.361  INFO [no-trace] c.j.service.RewriteCoordinatorService    : Actor-Critic round=1/1, hasFeedback=false
2026-06-16 23:18:50.354  INFO [no-trace] c.j.service.RewriteCoordinatorService    : Critic result: approved=true, maxSeverity=0, violations=0, round=1/1
2026-06-16 23:18:53.282  INFO [no-trace] c.j.s.RoundOptimizationValidatorTest     :   [C1-2] rounds=1 approved=true violations=0
2026-06-16 23:18:53.282  INFO [no-trace] c.j.service.RewriteCoordinatorService    : Actor-Critic round=1/1, hasFeedback=false
2026-06-16 23:19:05.770  INFO [no-trace] c.j.service.RewriteCoordinatorService    : Critic result: approved=true, maxSeverity=0, violations=0, round=1/1
2026-06-16 23:19:08.366  INFO [no-trace] c.j.s.RoundOptimizationValidatorTest     :   [C2-1] rounds=1 approved=true violations=0
2026-06-16 23:19:08.367  INFO [no-trace] c.j.service.RewriteCoordinatorService    : Actor-Critic round=1/1, hasFeedback=false
2026-06-16 23:19:16.858  INFO [no-trace] c.j.service.RewriteCoordinatorService    : Critic result: approved=true, maxSeverity=0, violations=0, round=1/1
2026-06-16 23:19:18.801  INFO [no-trace] c.j.s.RoundOptimizationValidatorTest     :   [C2-2] rounds=1 approved=true violations=0
2026-06-16 23:19:18.801  INFO [no-trace] c.j.service.RewriteCoordinatorService    : Actor-Critic round=1/1, hasFeedback=false
2026-06-16 23:19:33.585  INFO [no-trace] c.j.service.RewriteCoordinatorService    : Critic result: approved=true, maxSeverity=0, violations=0, round=1/1
2026-06-16 23:19:36.864  INFO [no-trace] c.j.s.RoundOptimizationValidatorTest     :   [C3-1] rounds=1 approved=true violations=0
2026-06-16 23:19:36.864  INFO [no-trace] c.j.service.RewriteCoordinatorService    : Actor-Critic round=1/1, hasFeedback=false
2026-06-16 23:19:46.293  INFO [no-trace] c.j.service.RewriteCoordinatorService    : Critic result: approved=false, maxSeverity=1, violations=1, round=1/1
2026-06-16 23:19:46.293  WARN [no-trace] c.j.service.RewriteCoordinatorService    : Critic not approved but maxSeverity=1 (MINOR_EMBELLISHMENT only), treating as passed. round=1/1
2026-06-16 23:19:52.659  INFO [no-trace] c.j.s.RoundOptimizationValidatorTest     :   [C3-2] rounds=1 approved=false violations=1
2026-06-16 23:19:52.659  INFO [no-trace] c.j.service.RewriteCoordinatorService    : Actor-Critic round=1/1, hasFeedback=false
2026-06-16 23:20:07.693  INFO [no-trace] c.j.service.RewriteCoordinatorService    : Critic result: approved=false, maxSeverity=3, violations=1, round=1/1
2026-06-16 23:20:07.693  INFO [no-trace] c.j.service.RewriteCoordinatorService    : Critic not approved, maxSeverity=3, entering rewrite loop. round=1/1
2026-06-16 23:20:07.693  WARN [no-trace] c.j.service.RewriteCoordinatorService    : Actor-Critic reached maxRounds=1, returning last draft
2026-06-16 23:20:19.499  INFO [no-trace] c.j.s.RoundOptimizationValidatorTest     :   [C4-1] rounds=1 approved=false violations=1
2026-06-16 23:20:19.499  INFO [no-trace] c.j.service.RewriteCoordinatorService    : Actor-Critic round=1/1, hasFeedback=false
2026-06-16 23:20:27.507  INFO [no-trace] c.j.service.RewriteCoordinatorService    : Critic result: approved=true, maxSeverity=0, violations=0, round=1/1
2026-06-16 23:20:29.886  INFO [no-trace] c.j.s.RoundOptimizationValidatorTest     :   [C5-1] rounds=1 approved=true violations=0
2026-06-16 23:20:29.900  INFO [no-trace] c.j.s.RoundOptimizationValidatorTest     :   MAX_ROUNDS=1 汇总: 通过率=6/8 (75.0%) 平均轮次={:.1f} 估算token=1.0
2026-06-16 23:20:29.900  INFO [no-trace] c.j.s.RoundOptimizationValidatorTest     : --- 开始 MAX_ROUNDS=2 变体 ---
2026-06-16 23:20:29.900  INFO [no-trace] c.j.service.RewriteCoordinatorService    : Actor-Critic round=1/2, hasFeedback=false
2026-06-16 23:20:42.947  INFO [no-trace] c.j.service.RewriteCoordinatorService    : Critic result: approved=false, maxSeverity=3, violations=1, round=1/2
2026-06-16 23:20:42.947  INFO [no-trace] c.j.service.RewriteCoordinatorService    : Critic not approved, maxSeverity=3, entering rewrite loop. round=1/2
2026-06-16 23:20:42.948  INFO [no-trace] c.j.service.RewriteCoordinatorService    : Actor-Critic round=2/2, hasFeedback=true
2026-06-16 23:20:50.688  INFO [no-trace] c.j.service.RewriteCoordinatorService    : Critic result: approved=true, maxSeverity=0, violations=0, round=2/2
2026-06-16 23:20:53.624  INFO [no-trace] c.j.s.RoundOptimizationValidatorTest     :   [C1-1] rounds=2 approved=true violations=0
2026-06-16 23:20:53.624  INFO [no-trace] c.j.service.RewriteCoordinatorService    : Actor-Critic round=1/2, hasFeedback=false
2026-06-16 23:21:08.973  INFO [no-trace] c.j.service.RewriteCoordinatorService    : Critic result: approved=false, maxSeverity=3, violations=1, round=1/2
2026-06-16 23:21:08.983  INFO [no-trace] c.j.service.RewriteCoordinatorService    : Critic not approved, maxSeverity=3, entering rewrite loop. round=1/2
2026-06-16 23:21:08.983  INFO [no-trace] c.j.service.RewriteCoordinatorService    : Actor-Critic round=2/2, hasFeedback=true
2026-06-16 23:21:19.427  INFO [no-trace] c.j.service.RewriteCoordinatorService    : Critic result: approved=true, maxSeverity=0, violations=0, round=2/2
2026-06-16 23:21:24.474  INFO [no-trace] c.j.s.RoundOptimizationValidatorTest     :   [C1-2] rounds=2 approved=true violations=0
2026-06-16 23:21:24.475  INFO [no-trace] c.j.service.RewriteCoordinatorService    : Actor-Critic round=1/2, hasFeedback=false
2026-06-16 23:21:34.066  INFO [no-trace] c.j.service.RewriteCoordinatorService    : Critic result: approved=true, maxSeverity=0, violations=0, round=1/2
2026-06-16 23:21:36.518  INFO [no-trace] c.j.s.RoundOptimizationValidatorTest     :   [C2-1] rounds=1 approved=true violations=0
2026-06-16 23:21:36.519  INFO [no-trace] c.j.service.RewriteCoordinatorService    : Actor-Critic round=1/2, hasFeedback=false
2026-06-16 23:21:46.637  INFO [no-trace] c.j.service.RewriteCoordinatorService    : Critic result: approved=true, maxSeverity=0, violations=0, round=1/2
2026-06-16 23:21:51.032  INFO [no-trace] c.j.s.RoundOptimizationValidatorTest     :   [C2-2] rounds=1 approved=true violations=0
2026-06-16 23:21:51.032  INFO [no-trace] c.j.service.RewriteCoordinatorService    : Actor-Critic round=1/2, hasFeedback=false
2026-06-16 23:22:04.063  INFO [no-trace] c.j.service.RewriteCoordinatorService    : Critic result: approved=true, maxSeverity=0, violations=0, round=1/2
2026-06-16 23:22:07.450  INFO [no-trace] c.j.s.RoundOptimizationValidatorTest     :   [C3-1] rounds=1 approved=true violations=0
2026-06-16 23:22:07.450  INFO [no-trace] c.j.service.RewriteCoordinatorService    : Actor-Critic round=1/2, hasFeedback=false
2026-06-16 23:22:19.410  INFO [no-trace] c.j.service.RewriteCoordinatorService    : Critic result: approved=false, maxSeverity=1, violations=1, round=1/2
2026-06-16 23:22:19.410  WARN [no-trace] c.j.service.RewriteCoordinatorService    : Critic not approved but maxSeverity=1 (MINOR_EMBELLISHMENT only), treating as passed. round=1/2
2026-06-16 23:22:22.929  INFO [no-trace] c.j.s.RoundOptimizationValidatorTest     :   [C3-2] rounds=1 approved=true violations=0
2026-06-16 23:22:22.929  INFO [no-trace] c.j.service.RewriteCoordinatorService    : Actor-Critic round=1/2, hasFeedback=false
2026-06-16 23:22:34.942  INFO [no-trace] c.j.service.RewriteCoordinatorService    : Critic result: approved=false, maxSeverity=3, violations=1, round=1/2
2026-06-16 23:22:34.942  INFO [no-trace] c.j.service.RewriteCoordinatorService    : Critic not approved, maxSeverity=3, entering rewrite loop. round=1/2
2026-06-16 23:22:34.942  INFO [no-trace] c.j.service.RewriteCoordinatorService    : Actor-Critic round=2/2, hasFeedback=true
2026-06-16 23:22:58.545  INFO [no-trace] c.j.service.RewriteCoordinatorService    : Critic result: approved=true, maxSeverity=0, violations=0, round=2/2
2026-06-16 23:23:17.892  INFO [no-trace] c.j.s.RoundOptimizationValidatorTest     :   [C4-1] rounds=2 approved=false violations=2
2026-06-16 23:23:17.892  INFO [no-trace] c.j.service.RewriteCoordinatorService    : Actor-Critic round=1/2, hasFeedback=false
2026-06-16 23:23:32.041  INFO [no-trace] c.j.service.RewriteCoordinatorService    : Critic result: approved=false, maxSeverity=1, violations=1, round=1/2
2026-06-16 23:23:32.041  WARN [no-trace] c.j.service.RewriteCoordinatorService    : Critic not approved but maxSeverity=1 (MINOR_EMBELLISHMENT only), treating as passed. round=1/2
2026-06-16 23:23:40.676  INFO [no-trace] c.j.s.RoundOptimizationValidatorTest     :   [C5-1] rounds=1 approved=false violations=1
2026-06-16 23:23:40.676  INFO [no-trace] c.j.s.RoundOptimizationValidatorTest     :   MAX_ROUNDS=2 汇总: 通过率=6/8 (75.0%) 平均轮次={:.1f} 估算token=1.375
2026-06-16 23:23:40.676  INFO [no-trace] c.j.s.RoundOptimizationValidatorTest     : --- 开始 MAX_ROUNDS=3 变体 ---
2026-06-16 23:23:40.676  INFO [no-trace] c.j.service.RewriteCoordinatorService    : Actor-Critic round=1/3, hasFeedback=false
2026-06-16 23:24:01.250  WARN [no-trace] c.j.s.RoundOptimizationValidatorTest     :   [C1-1] 执行异常: com.google.gson.stream.MalformedJsonException: Unterminated object at line 8 column 30 path $.violations[0].detail
2026-06-16 23:24:01.250  INFO [no-trace] c.j.s.RoundOptimizationValidatorTest     :   [C1-1] rounds=0 approved=false violations=0
2026-06-16 23:24:01.250  INFO [no-trace] c.j.service.RewriteCoordinatorService    : Actor-Critic round=1/3, hasFeedback=false
2026-06-16 23:24:13.815  INFO [no-trace] c.j.service.RewriteCoordinatorService    : Critic result: approved=true, maxSeverity=0, violations=0, round=1/3
2026-06-16 23:24:28.035  INFO [no-trace] c.j.s.RoundOptimizationValidatorTest     :   [C1-2] rounds=1 approved=false violations=1
2026-06-16 23:24:28.036  INFO [no-trace] c.j.service.RewriteCoordinatorService    : Actor-Critic round=1/3, hasFeedback=false
2026-06-16 23:24:38.666  INFO [no-trace] c.j.service.RewriteCoordinatorService    : Critic result: approved=true, maxSeverity=0, violations=0, round=1/3
2026-06-16 23:24:43.971  INFO [no-trace] c.j.s.RoundOptimizationValidatorTest     :   [C2-1] rounds=1 approved=true violations=0
2026-06-16 23:24:43.971  INFO [no-trace] c.j.service.RewriteCoordinatorService    : Actor-Critic round=1/3, hasFeedback=false
2026-06-16 23:24:50.837  INFO [no-trace] c.j.service.RewriteCoordinatorService    : Critic result: approved=true, maxSeverity=0, violations=0, round=1/3
2026-06-16 23:24:53.826  INFO [no-trace] c.j.s.RoundOptimizationValidatorTest     :   [C2-2] rounds=1 approved=true violations=0
2026-06-16 23:24:53.827  INFO [no-trace] c.j.service.RewriteCoordinatorService    : Actor-Critic round=1/3, hasFeedback=false
2026-06-16 23:25:04.920  INFO [no-trace] c.j.service.RewriteCoordinatorService    : Critic result: approved=true, maxSeverity=0, violations=0, round=1/3
2026-06-16 23:25:07.754  INFO [no-trace] c.j.s.RoundOptimizationValidatorTest     :   [C3-1] rounds=1 approved=true violations=0
2026-06-16 23:25:07.755  INFO [no-trace] c.j.service.RewriteCoordinatorService    : Actor-Critic round=1/3, hasFeedback=false
2026-06-16 23:25:19.507  INFO [no-trace] c.j.service.RewriteCoordinatorService    : Critic result: approved=false, maxSeverity=2, violations=1, round=1/3
2026-06-16 23:25:19.588  WARN [no-trace] c.j.service.RewriteCoordinatorService    : Critic not approved but maxSeverity=2 (MINOR_EMBELLISHMENT only), treating as passed. round=1/3
2026-06-16 23:25:28.574  INFO [no-trace] c.j.s.RoundOptimizationValidatorTest     :   [C3-2] rounds=1 approved=false violations=1
2026-06-16 23:25:28.579  INFO [no-trace] c.j.service.RewriteCoordinatorService    : Actor-Critic round=1/3, hasFeedback=false
2026-06-16 23:25:37.499  INFO [no-trace] c.j.service.RewriteCoordinatorService    : Critic result: approved=false, maxSeverity=3, violations=1, round=1/3
2026-06-16 23:25:37.500  INFO [no-trace] c.j.service.RewriteCoordinatorService    : Critic not approved, maxSeverity=3, entering rewrite loop. round=1/3
2026-06-16 23:25:37.500  INFO [no-trace] c.j.service.RewriteCoordinatorService    : Actor-Critic round=2/3, hasFeedback=true
2026-06-16 23:25:44.021  INFO [no-trace] c.j.service.RewriteCoordinatorService    : Critic result: approved=true, maxSeverity=0, violations=0, round=2/3
2026-06-16 23:25:46.560  INFO [no-trace] c.j.s.RoundOptimizationValidatorTest     :   [C4-1] rounds=2 approved=true violations=0
2026-06-16 23:25:46.560  INFO [no-trace] c.j.service.RewriteCoordinatorService    : Actor-Critic round=1/3, hasFeedback=false
2026-06-16 23:25:55.323  INFO [no-trace] c.j.service.RewriteCoordinatorService    : Critic result: approved=true, maxSeverity=0, violations=0, round=1/3
2026-06-16 23:25:58.110  INFO [no-trace] c.j.s.RoundOptimizationValidatorTest     :   [C5-1] rounds=1 approved=true violations=0
2026-06-16 23:25:58.111  INFO [no-trace] c.j.s.RoundOptimizationValidatorTest     :   MAX_ROUNDS=3 汇总: 通过率=5/8 (62.5%) 平均轮次={:.1f} 估算token=1.0
2026-06-16 23:25:58.113  INFO [no-trace] c.j.s.RoundOptimizationValidatorTest     : --- 开始 MAX_ROUNDS=4 变体 ---
2026-06-16 23:25:58.113  INFO [no-trace] c.j.service.RewriteCoordinatorService    : Actor-Critic round=1/4, hasFeedback=false
2026-06-16 23:26:16.111  INFO [no-trace] c.j.service.RewriteCoordinatorService    : Critic result: approved=false, maxSeverity=3, violations=2, round=1/4
2026-06-16 23:26:16.112  INFO [no-trace] c.j.service.RewriteCoordinatorService    : Critic not approved, maxSeverity=3, entering rewrite loop. round=1/4
2026-06-16 23:26:16.112  INFO [no-trace] c.j.service.RewriteCoordinatorService    : Actor-Critic round=2/4, hasFeedback=true
2026-06-16 23:26:26.479  INFO [no-trace] c.j.service.RewriteCoordinatorService    : Critic result: approved=true, maxSeverity=0, violations=0, round=2/4
2026-06-16 23:26:30.384  INFO [no-trace] c.j.s.RoundOptimizationValidatorTest     :   [C1-1] rounds=2 approved=true violations=0
2026-06-16 23:26:30.384  INFO [no-trace] c.j.service.RewriteCoordinatorService    : Actor-Critic round=1/4, hasFeedback=false
2026-06-16 23:26:49.472  INFO [no-trace] c.j.service.RewriteCoordinatorService    : Critic result: approved=true, maxSeverity=0, violations=0, round=1/4
2026-06-16 23:26:58.695  INFO [no-trace] c.j.s.RoundOptimizationValidatorTest     :   [C1-2] rounds=1 approved=true violations=0
2026-06-16 23:26:58.695  INFO [no-trace] c.j.service.RewriteCoordinatorService    : Actor-Critic round=1/4, hasFeedback=false
2026-06-16 23:27:12.280  INFO [no-trace] c.j.service.RewriteCoordinatorService    : Critic result: approved=true, maxSeverity=0, violations=0, round=1/4
2026-06-16 23:27:14.857  INFO [no-trace] c.j.s.RoundOptimizationValidatorTest     :   [C2-1] rounds=1 approved=true violations=0
2026-06-16 23:27:14.857  INFO [no-trace] c.j.service.RewriteCoordinatorService    : Actor-Critic round=1/4, hasFeedback=false
2026-06-16 23:27:21.709  INFO [no-trace] c.j.service.RewriteCoordinatorService    : Critic result: approved=true, maxSeverity=0, violations=0, round=1/4
2026-06-16 23:27:23.989  INFO [no-trace] c.j.s.RoundOptimizationValidatorTest     :   [C2-2] rounds=1 approved=true violations=0
2026-06-16 23:27:23.990  INFO [no-trace] c.j.service.RewriteCoordinatorService    : Actor-Critic round=1/4, hasFeedback=false
2026-06-16 23:27:39.078  INFO [no-trace] c.j.service.RewriteCoordinatorService    : Critic result: approved=false, maxSeverity=3, violations=1, round=1/4
2026-06-16 23:27:39.079  INFO [no-trace] c.j.service.RewriteCoordinatorService    : Critic not approved, maxSeverity=3, entering rewrite loop. round=1/4
2026-06-16 23:27:39.079  INFO [no-trace] c.j.service.RewriteCoordinatorService    : Actor-Critic round=2/4, hasFeedback=true
2026-06-16 23:27:49.008  INFO [no-trace] c.j.service.RewriteCoordinatorService    : Critic result: approved=true, maxSeverity=0, violations=0, round=2/4
2026-06-16 23:27:52.190  INFO [no-trace] c.j.s.RoundOptimizationValidatorTest     :   [C3-1] rounds=2 approved=true violations=0
2026-06-16 23:27:52.191  INFO [no-trace] c.j.service.RewriteCoordinatorService    : Actor-Critic round=1/4, hasFeedback=false
2026-06-16 23:28:05.523  INFO [no-trace] c.j.service.RewriteCoordinatorService    : Critic result: approved=false, maxSeverity=2, violations=2, round=1/4
2026-06-16 23:28:05.523  WARN [no-trace] c.j.service.RewriteCoordinatorService    : Critic not approved but maxSeverity=2 (MINOR_EMBELLISHMENT only), treating as passed. round=1/4
2026-06-16 23:28:12.545  INFO [no-trace] c.j.s.RoundOptimizationValidatorTest     :   [C3-2] rounds=1 approved=false violations=1
2026-06-16 23:28:12.545  INFO [no-trace] c.j.service.RewriteCoordinatorService    : Actor-Critic round=1/4, hasFeedback=false
2026-06-16 23:28:24.496  INFO [no-trace] c.j.service.RewriteCoordinatorService    : Critic result: approved=true, maxSeverity=0, violations=0, round=1/4
2026-06-16 23:28:34.019  INFO [no-trace] c.j.s.RoundOptimizationValidatorTest     :   [C4-1] rounds=1 approved=false violations=1
2026-06-16 23:28:34.019  INFO [no-trace] c.j.service.RewriteCoordinatorService    : Actor-Critic round=1/4, hasFeedback=false
2026-06-16 23:28:39.987  INFO [no-trace] o.h.validator.internal.util.Version      : HV000001: Hibernate Validator 8.0.1.Final
2026-06-16 23:28:40.006  INFO [no-trace] c.j.service.EndToEndValidationTest       : Starting EndToEndValidationTest using Java 17.0.15 with PID 218715 (started by root in /root/java/AgentCV_Java)
2026-06-16 23:28:40.006 DEBUG [no-trace] c.j.service.EndToEndValidationTest       : Running with Spring Boot v3.2.12, Spring v6.1.15
2026-06-16 23:28:40.007  INFO [no-trace] c.j.service.EndToEndValidationTest       : No active profile set, falling back to 1 default profile: "default"
2026-06-16 23:28:40.640 DEBUG [no-trace] d.l.s.spring.ClassPathAiServiceScanner   : Identified candidate component class: file [/root/java/AgentCV_Java/target/classes/com/jobagent/service/FactCriticAgent.class]
2026-06-16 23:28:40.640 DEBUG [no-trace] d.l.s.spring.ClassPathAiServiceScanner   : Identified candidate component class: file [/root/java/AgentCV_Java/target/classes/com/jobagent/service/JdAnalyzeService.class]
2026-06-16 23:28:40.641 DEBUG [no-trace] d.l.s.spring.ClassPathAiServiceScanner   : Identified candidate component class: file [/root/java/AgentCV_Java/target/classes/com/jobagent/service/MatchEvaluatorService.class]
2026-06-16 23:28:40.641 DEBUG [no-trace] d.l.s.spring.ClassPathAiServiceScanner   : Identified candidate component class: file [/root/java/AgentCV_Java/target/classes/com/jobagent/service/ResumeWriterAgent.class]
2026-06-16 23:28:42.102  INFO [no-trace] c.j.service.EndToEndValidationTest       : Started EndToEndValidationTest in 2.485 seconds (process running for 3.425)
2026-06-16 23:28:42.848  INFO [no-trace] c.j.service.RewriteCoordinatorService    : Actor-Critic round=1/2, hasFeedback=false
2026-06-16 23:28:46.450  INFO [no-trace] c.j.service.RewriteCoordinatorService    : Critic result: approved=true, maxSeverity=0, violations=0, round=1/4
2026-06-16 23:28:49.883  INFO [no-trace] c.j.s.RoundOptimizationValidatorTest     :   [C5-1] rounds=1 approved=true violations=0
2026-06-16 23:28:49.884  INFO [no-trace] c.j.s.RoundOptimizationValidatorTest     :   MAX_ROUNDS=4 汇总: 通过率=6/8 (75.0%) 平均轮次={:.1f} 估算token=1.25
2026-06-16 23:28:49.884  INFO [no-trace] c.j.s.RoundOptimizationValidatorTest     : --- 开始 MAX_ROUNDS=5 变体 ---
2026-06-16 23:28:49.884  INFO [no-trace] c.j.service.RewriteCoordinatorService    : Actor-Critic round=1/5, hasFeedback=false
2026-06-16 23:28:54.242  INFO [no-trace] c.j.service.RewriteCoordinatorService    : Critic result: approved=false, maxSeverity=3, violations=1, round=1/2
2026-06-16 23:28:54.242  INFO [no-trace] c.j.service.RewriteCoordinatorService    : Critic not approved, maxSeverity=3, entering rewrite loop. round=1/2
2026-06-16 23:28:54.243  INFO [no-trace] c.j.service.RewriteCoordinatorService    : Actor-Critic round=2/2, hasFeedback=true
2026-06-16 23:29:00.186  INFO [no-trace] c.j.service.RewriteCoordinatorService    : Critic result: approved=true, maxSeverity=0, violations=0, round=2/2
2026-06-16 23:29:00.193  INFO [no-trace] c.j.service.EndToEndValidationTest       : [E2E-1 ✓] rounds=2 output=负责订单系统优化，通过引入Redis缓存和RocketMQ消息队列实现异步处理，将系统QPS从500提升至2000。
2026-06-16 23:29:00.203  INFO [no-trace] c.j.service.RewriteCoordinatorService    : Actor-Critic round=1/2, hasFeedback=false
2026-06-16 23:29:06.468  INFO [no-trace] c.j.service.RewriteCoordinatorService    : Critic result: approved=false, maxSeverity=3, violations=1, round=1/5
2026-06-16 23:29:06.468  INFO [no-trace] c.j.service.RewriteCoordinatorService    : Critic not approved, maxSeverity=3, entering rewrite loop. round=1/5
2026-06-16 23:29:06.468  INFO [no-trace] c.j.service.RewriteCoordinatorService    : Actor-Critic round=2/5, hasFeedback=true
2026-06-16 23:29:18.716  INFO [no-trace] c.j.service.RewriteCoordinatorService    : Critic result: approved=false, maxSeverity=1, violations=1, round=1/2
2026-06-16 23:29:18.716  WARN [no-trace] c.j.service.RewriteCoordinatorService    : Critic not approved but maxSeverity=1 (MINOR_EMBELLISHMENT only), treating as passed. round=1/2
2026-06-16 23:29:18.716  INFO [no-trace] c.j.service.EndToEndValidationTest       : [E2E-3 ✓] rounds=1 output=设计并实现了基于Spring Boot + MyBatis的订单系统RESTful API，支持前后端分离的接口调用 | 参与订单系统核心模块开发，使用MyBatis进行数据库操作，确保数据存取的高效性与一致性
2026-06-16 23:29:18.719  INFO [no-trace] c.j.service.RewriteCoordinatorService    : Actor-Critic round=1/2, hasFeedback=false
2026-06-16 23:29:21.109  INFO [no-trace] c.j.service.RewriteCoordinatorService    : Critic result: approved=false, maxSeverity=3, violations=1, round=2/5
2026-06-16 23:29:21.110  INFO [no-trace] c.j.service.RewriteCoordinatorService    : Critic not approved, maxSeverity=3, entering rewrite loop. round=2/5
2026-06-16 23:29:21.110  INFO [no-trace] c.j.service.RewriteCoordinatorService    : Actor-Critic round=3/5, hasFeedback=true
2026-06-16 23:29:31.758  INFO [no-trace] c.j.service.RewriteCoordinatorService    : Critic result: approved=true, maxSeverity=0, violations=0, round=1/2
2026-06-16 23:29:38.324  INFO [no-trace] c.j.service.RewriteCoordinatorService    : Critic result: approved=false, maxSeverity=3, violations=1, round=3/5
2026-06-16 23:29:38.325  INFO [no-trace] c.j.service.RewriteCoordinatorService    : Critic not approved, maxSeverity=3, entering rewrite loop. round=3/5
2026-06-16 23:29:38.325  INFO [no-trace] c.j.service.RewriteCoordinatorService    : Actor-Critic round=4/5, hasFeedback=true
2026-06-16 23:29:42.031  INFO [no-trace] c.j.service.EndToEndValidationTest       : [E2E-2 ✓] rounds=1 approved=false violations=1
2026-06-16 23:29:42.035  INFO [no-trace] c.j.service.RewriteCoordinatorService    : Actor-Critic round=1/2, hasFeedback=false
2026-06-16 23:29:52.326  INFO [no-trace] c.j.service.RewriteCoordinatorService    : Critic result: approved=true, maxSeverity=0, violations=0, round=4/5
2026-06-16 23:29:55.042  INFO [no-trace] c.j.service.RewriteCoordinatorService    : Critic result: approved=false, maxSeverity=3, violations=1, round=1/2
2026-06-16 23:29:55.042  INFO [no-trace] c.j.service.RewriteCoordinatorService    : Critic not approved, maxSeverity=3, entering rewrite loop. round=1/2
2026-06-16 23:29:55.042  INFO [no-trace] c.j.service.RewriteCoordinatorService    : Actor-Critic round=2/2, hasFeedback=true
2026-06-16 23:29:56.146  INFO [no-trace] c.j.s.RoundOptimizationValidatorTest     :   [C1-1] rounds=4 approved=true violations=0
2026-06-16 23:29:56.146  INFO [no-trace] c.j.service.RewriteCoordinatorService    : Actor-Critic round=1/5, hasFeedback=false
2026-06-16 23:30:06.999  INFO [no-trace] c.j.service.RewriteCoordinatorService    : Critic result: approved=true, maxSeverity=0, violations=0, round=1/5
2026-06-16 23:30:09.399  INFO [no-trace] c.j.service.RewriteCoordinatorService    : Critic result: approved=false, maxSeverity=2, violations=1, round=2/2
2026-06-16 23:30:09.399  WARN [no-trace] c.j.service.RewriteCoordinatorService    : Critic not approved but maxSeverity=2 (MINOR_EMBELLISHMENT only), treating as passed. round=2/2
2026-06-16 23:30:13.420  INFO [no-trace] c.j.service.EndToEndValidationTest       : [E2E-4 ✓] rounds=2 approved=true violations=0
2026-06-16 23:30:13.434 DEBUG [no-trace] c.j.s.MatchEvaluationFacadeService       : 裁剪前 JD=2字 简历=6字，裁剪后 JD=2字 简历=6字
2026-06-16 23:30:13.506 DEBUG [no-trace] c.j.s.MatchEvaluationFacadeService       : 裁剪前 JD=2字 简历=6字，裁剪后 JD=2字 简历=6字
2026-06-16 23:30:13.517 DEBUG [no-trace] c.j.s.MatchEvaluationFacadeService       : 裁剪前 JD=4406字 简历=96字，裁剪后 JD=1498字 简历=96字
2026-06-16 23:30:13.526 DEBUG [no-trace] c.j.s.MatchEvaluationFacadeService       : 裁剪前 JD=2字 简历=6字，裁剪后 JD=2字 简历=6字
2026-06-16 23:30:13.534 DEBUG [no-trace] c.j.s.MatchEvaluationFacadeService       : 裁剪前 JD=2字 简历=6字，裁剪后 JD=2字 简历=6字
2026-06-16 23:30:13.542 DEBUG [no-trace] c.j.s.MatchEvaluationFacadeService       : 裁剪前 JD=2字 简历=6字，裁剪后 JD=2字 简历=6字
2026-06-16 23:30:13.549 DEBUG [no-trace] c.j.s.MatchEvaluationFacadeService       : 裁剪前 JD=2字 简历=6字，裁剪后 JD=2字 简历=6字
2026-06-16 23:30:13.567 DEBUG [no-trace] c.j.s.MatchEvaluationFacadeService       : 裁剪前 JD=2字 简历=6字，裁剪后 JD=2字 简历=6字
2026-06-16 23:30:13.577 DEBUG [no-trace] c.j.s.MatchEvaluationFacadeService       : 裁剪前 JD=2字 简历=6字，裁剪后 JD=2字 简历=6字
2026-06-16 23:30:13.587 DEBUG [no-trace] c.j.s.MatchEvaluationFacadeService       : 裁剪前 JD=2字 简历=6字，裁剪后 JD=2字 简历=6字
2026-06-16 23:30:13.615  INFO [no-trace] t.c.s.AnnotationConfigContextLoaderUtils : Could not detect default configuration classes for test class [com.jobagent.service.CriticPrecisionTest]: CriticPrecisionTest does not declare any static, non-private, non-final, nested classes annotated with @Configuration.
2026-06-16 23:30:13.618  INFO [no-trace] .b.t.c.SpringBootTestContextBootstrapper : Found @SpringBootConfiguration com.jobagent.JobAgentApplication for test class com.jobagent.service.CriticPrecisionTest
2026-06-16 23:30:13.627  INFO [no-trace] c.jobagent.service.CriticPrecisionTest   : === CT-1: 数字膨胀 (QPS 50000 ≠ 2000) ===
2026-06-16 23:30:18.907  INFO [no-trace] c.j.s.RoundOptimizationValidatorTest     :   [C1-2] rounds=1 approved=false violations=1
2026-06-16 23:30:18.907  INFO [no-trace] c.j.service.RewriteCoordinatorService    : Actor-Critic round=1/5, hasFeedback=false
2026-06-16 23:30:23.129  INFO [no-trace] c.jobagent.service.CriticPrecisionTest   :   [sample 1] ✓ approved=false, violations=[BP1 FAKE_DATA(sev=5): 原文明确写‘QPS从500提升至2000’，但 bullet 写‘QPS从500提升至50000’，数值不一致，属于完全...], [BP1 EXAGGERATION(sev=3): 原文描述为‘负责订单系统优化’和‘参与了数据库查询优化的相关工作’，而 bullet 写成‘主导设计高并发订单系统’，角...]
2026-06-16 23:30:32.048  INFO [no-trace] c.jobagent.service.CriticPrecisionTest   :   [sample 2] ✓ approved=false, violations=[BP1 FAKE_DATA(sev=5): 原始项目经历中QPS从500提升至2000，但简历要点写'QPS从500提升至50000'，数值严重不符；且原文角色为'...]
2026-06-16 23:30:34.054  INFO [no-trace] c.j.service.RewriteCoordinatorService    : Critic result: approved=true, maxSeverity=0, violations=0, round=1/5
2026-06-16 23:30:40.018  INFO [no-trace] c.j.s.RoundOptimizationValidatorTest     :   [C2-1] rounds=1 approved=true violations=0
2026-06-16 23:30:40.018  INFO [no-trace] c.j.service.RewriteCoordinatorService    : Actor-Critic round=1/5, hasFeedback=false
2026-06-16 23:30:42.323  INFO [no-trace] c.jobagent.service.CriticPrecisionTest   :   [sample 3] ✓ approved=false, violations=[BP1 FAKE_DATA(sev=5): 原始项目经历中明确描述“QPS从500提升至2000”，而简历要点写“QPS从500提升至50000”，数字严重不符，属...], [BP1 EXAGGERATION(sev=4): 原始项目经历中仅称“负责订单系统优化”，简历要点写“主导设计高并发订单系统”，将“负责”夸大为“主导设计”，角色定位严重...]
2026-06-16 23:30:42.323  INFO [no-trace] c.jobagent.service.CriticPrecisionTest   :   CT-1 结果: 命中率=3/3, 假阳性=0, 假阴性=0
2026-06-16 23:30:42.324  INFO [no-trace] c.jobagent.service.CriticPrecisionTest   :   ✓ CT-1 通过：3/3 次正确命中
2026-06-16 23:30:42.326  INFO [no-trace] c.jobagent.service.CriticPrecisionTest   : === CT-3: 捏造百分比 (原文无 60%) ===
2026-06-16 23:30:47.086  INFO [no-trace] c.jobagent.service.CriticPrecisionTest   :   [sample 1] ✓ approved=false, violations=[BP2 FAKE_DATA(sev=4): 简历要点第2条声称'系统响应时间降低60%'，但原始项目经历中并未提及任何关于响应时间的具体降低百分比。原文只提到'QP...]
2026-06-16 23:30:51.819  INFO [no-trace] c.j.service.RewriteCoordinatorService    : Critic result: approved=true, maxSeverity=0, violations=0, round=1/5
2026-06-16 23:30:52.533  INFO [no-trace] c.jobagent.service.CriticPrecisionTest   :   [sample 2] ✓ approved=false, violations=[BP2 FAKE_DATA(sev=3): bullet point 2 声称'系统响应时间降低60%'，但原始项目经历中并未提及响应时间的具体数值，只提到'QPS...]
2026-06-16 23:30:56.661  INFO [no-trace] c.jobagent.service.CriticPrecisionTest   :   [sample 3] ✓ approved=false, violations=[BP2 FAKE_DATA(sev=3): 原文未提及响应时间降低的具体数值，bulletin 2 中写'系统响应时间降低60%'属于捏造量化数据。原文只说'QPS...]
2026-06-16 23:30:56.661  INFO [no-trace] c.jobagent.service.CriticPrecisionTest   :   CT-3 结果: 命中率=3/3, 假阳性=0, 假阴性=0
2026-06-16 23:30:56.662  INFO [no-trace] c.jobagent.service.CriticPrecisionTest   :   ✓ CT-3 通过：3/3 次正确命中
2026-06-16 23:30:56.664  INFO [no-trace] c.jobagent.service.CriticPrecisionTest   : === CT-2: 技术栈替换 (Kafka ∉ {Redis, RocketMQ}) ===
2026-06-16 23:31:01.838  INFO [no-trace] c.jobagent.service.CriticPrecisionTest   :   [sample 1] ✓ approved=false, violations=[BP2 FAKE_TECH(sev=3): 原始项目经历明确使用 'Redis和RocketMQ'，但简历要点2写为 'Redis和Kafka'，将 RocketM...]
2026-06-16 23:31:02.651  INFO [no-trace] c.j.s.RoundOptimizationValidatorTest     :   [C2-2] rounds=1 approved=false violations=1
2026-06-16 23:31:02.651  INFO [no-trace] c.j.service.RewriteCoordinatorService    : Actor-Critic round=1/5, hasFeedback=false
2026-06-16 23:31:08.847  INFO [no-trace] c.jobagent.service.CriticPrecisionTest   :   [sample 2] ✓ approved=false, violations=[BP2 FAKE_TECH(sev=3): 原始项目经历中明确使用RocketMQ实现异步处理，但简历要点2写的是'使用Redis和Kafka'，其中Kafka在原...]
2026-06-16 23:31:12.277  INFO [no-trace] c.jobagent.service.CriticPrecisionTest   :   [sample 3] ✓ approved=false, violations=[BP2 FAKE_TECH(sev=4): 原文中明确提到使用了 RocketMQ，但简历要点第2条写成了 Kafka。Kafka 在原始项目经历中从未出现，属于捏...]
2026-06-16 23:31:12.277  INFO [no-trace] c.jobagent.service.CriticPrecisionTest   :   CT-2 结果: 命中率=3/3, 假阳性=0, 假阴性=0
2026-06-16 23:31:12.277  INFO [no-trace] c.jobagent.service.CriticPrecisionTest   :   ✓ CT-2 通过：3/3 次正确命中
2026-06-16 23:31:12.292  INFO [no-trace] t.c.s.AnnotationConfigContextLoaderUtils : Could not detect default configuration classes for test class [com.jobagent.service.RoundOptimizationValidatorTest]: RoundOptimizationValidatorTest does not declare any static, non-private, non-final, nested classes annotated with @Configuration.
2026-06-16 23:31:12.293  INFO [no-trace] .b.t.c.SpringBootTestContextBootstrapper : Found @SpringBootConfiguration com.jobagent.JobAgentApplication for test class com.jobagent.service.RoundOptimizationValidatorTest
2026-06-16 23:31:12.302  INFO [no-trace] c.j.s.RoundOptimizationValidatorTest     : 已加载 8 组测试用例
2026-06-16 23:31:12.304  INFO [no-trace] c.j.s.RoundOptimizationValidatorTest     : ================================================================
2026-06-16 23:31:12.304  INFO [no-trace] c.j.s.RoundOptimizationValidatorTest     :   循环次数验证实验开始
2026-06-16 23:31:12.304  INFO [no-trace] c.j.s.RoundOptimizationValidatorTest     :   测试用例数: 8  |  变体数: 5  |  预计总 API 调用: ~240次
2026-06-16 23:31:12.304  INFO [no-trace] c.j.s.RoundOptimizationValidatorTest     : ================================================================
2026-06-16 23:31:12.304  INFO [no-trace] c.j.s.RoundOptimizationValidatorTest     : --- 开始 MAX_ROUNDS=1 变体 ---
2026-06-16 23:31:12.304  INFO [no-trace] c.j.service.RewriteCoordinatorService    : Actor-Critic round=1/1, hasFeedback=false
2026-06-16 23:31:14.809  INFO [no-trace] c.j.service.RewriteCoordinatorService    : Critic result: approved=true, maxSeverity=0, violations=0, round=1/5
2026-06-16 23:31:19.750  INFO [no-trace] c.j.s.RoundOptimizationValidatorTest     :   [C3-1] rounds=1 approved=true violations=0
2026-06-16 23:31:19.751  INFO [no-trace] c.j.service.RewriteCoordinatorService    : Actor-Critic round=1/5, hasFeedback=false
2026-06-16 23:31:28.392  INFO [no-trace] c.j.service.RewriteCoordinatorService    : Critic result: approved=false, maxSeverity=3, violations=1, round=1/1
2026-06-16 23:31:28.393  INFO [no-trace] c.j.service.RewriteCoordinatorService    : Critic not approved, maxSeverity=3, entering rewrite loop. round=1/1
2026-06-16 23:31:28.393  WARN [no-trace] c.j.service.RewriteCoordinatorService    : Actor-Critic reached maxRounds=1, returning last draft
2026-06-16 23:31:34.716  INFO [no-trace] c.j.service.RewriteCoordinatorService    : Critic result: approved=false, maxSeverity=2, violations=1, round=1/5
2026-06-16 23:31:34.725  WARN [no-trace] c.j.service.RewriteCoordinatorService    : Critic not approved but maxSeverity=2 (MINOR_EMBELLISHMENT only), treating as passed. round=1/5
2026-06-16 23:31:37.690  INFO [no-trace] c.j.s.RoundOptimizationValidatorTest     :   [C1-1] rounds=1 approved=false violations=1
2026-06-16 23:31:37.690  INFO [no-trace] c.j.service.RewriteCoordinatorService    : Actor-Critic round=1/1, hasFeedback=false
2026-06-16 23:31:40.721  INFO [no-trace] c.j.s.RoundOptimizationValidatorTest     :   [C3-2] rounds=1 approved=true violations=0
2026-06-16 23:31:40.721  INFO [no-trace] c.j.service.RewriteCoordinatorService    : Actor-Critic round=1/5, hasFeedback=false
2026-06-16 23:31:51.936  WARN [no-trace] c.j.s.RoundOptimizationValidatorTest     :   [C4-1] 执行异常: com.google.gson.stream.MalformedJsonException: Unterminated object at line 8 column 28 path $.violations[0].detail
2026-06-16 23:31:51.936  INFO [no-trace] c.j.s.RoundOptimizationValidatorTest     :   [C4-1] rounds=0 approved=false violations=0
2026-06-16 23:31:51.936  INFO [no-trace] c.j.service.RewriteCoordinatorService    : Actor-Critic round=1/5, hasFeedback=false
2026-06-16 23:32:07.723  INFO [no-trace] c.j.service.RewriteCoordinatorService    : Critic result: approved=true, maxSeverity=0, violations=0, round=1/1
2026-06-16 23:32:11.505  INFO [no-trace] c.j.service.RewriteCoordinatorService    : Critic result: approved=true, maxSeverity=0, violations=0, round=1/5
2026-06-16 23:32:18.022  INFO [no-trace] c.j.s.RoundOptimizationValidatorTest     :   [C1-2] rounds=1 approved=false violations=1
2026-06-16 23:32:18.022  INFO [no-trace] c.j.service.RewriteCoordinatorService    : Actor-Critic round=1/1, hasFeedback=false
2026-06-16 23:32:28.045  INFO [no-trace] c.j.s.RoundOptimizationValidatorTest     :   [C5-1] rounds=1 approved=false violations=1
2026-06-16 23:32:28.046  INFO [no-trace] c.j.s.RoundOptimizationValidatorTest     :   MAX_ROUNDS=5 汇总: 通过率=4/8 (50.0%) 平均轮次={:.1f} 估算token=1.25
2026-06-16 23:32:28.047  INFO [no-trace] c.j.s.RoundOptimizationValidatorTest     : 

================================================================
2026-06-16 23:32:28.047  INFO [no-trace] c.j.s.RoundOptimizationValidatorTest     :   验证实验报告
2026-06-16 23:32:28.047  INFO [no-trace] c.j.s.RoundOptimizationValidatorTest     : ================================================================

2026-06-16 23:32:28.051  INFO [no-trace] c.j.s.RoundOptimizationValidatorTest     : MAX_ROUNDS |   通过数 |   通过率 |   平均轮次 |    平均违规 |    死锁 |  估算token |    成本¥
2026-06-16 23:32:28.051  INFO [no-trace] c.j.s.RoundOptimizationValidatorTest     : -------------------------------------------------------------------------
2026-06-16 23:32:28.091  INFO [no-trace] c.j.s.RoundOptimizationValidatorTest     : 1          |     6 |   75% |   1.0 |   0.3 |    2 |    80400 | 0.113
2026-06-16 23:32:28.091  INFO [no-trace] c.j.s.RoundOptimizationValidatorTest     : 2          |     6 |   75% |   1.4 |   0.4 |    1 |   101400 | 0.142
2026-06-16 23:32:28.092  INFO [no-trace] c.j.s.RoundOptimizationValidatorTest     : 3          |     5 |   63% |   1.0 |   0.3 |    0 |    87400 | 0.122
2026-06-16 23:32:28.092  INFO [no-trace] c.j.s.RoundOptimizationValidatorTest     : 4          |     6 |   75% |   1.3 |   0.3 |    0 |    94400 | 0.132
2026-06-16 23:32:28.092  INFO [no-trace] c.j.s.RoundOptimizationValidatorTest     : 5          |     4 |   50% |   1.3 |   0.4 |    0 |   101400 | 0.142
2026-06-16 23:32:28.092  INFO [no-trace] c.j.s.RoundOptimizationValidatorTest     : 
--- 详细用例结果 ---
2026-06-16 23:32:28.093  INFO [no-trace] c.j.s.RoundOptimizationValidatorTest     : 
[MAX_ROUNDS=1]
2026-06-16 23:32:28.098  INFO [no-trace] c.j.s.RoundOptimizationValidatorTest     :   ✓ C1-1 rounds=1 violations=无 ERR:com.google.gson.stream.MalformedJsonException: Unterminated object at line 8 column 30 path $.violations[0].detail
2026-06-16 23:32:28.098  INFO [no-trace] c.j.s.RoundOptimizationValidatorTest     :   ✓ C1-2 rounds=1 violations=无 
2026-06-16 23:32:28.098  INFO [no-trace] c.j.s.RoundOptimizationValidatorTest     :   ✓ C2-1 rounds=1 violations=无 
2026-06-16 23:32:28.098  INFO [no-trace] c.j.s.RoundOptimizationValidatorTest     :   ✓ C2-2 rounds=1 violations=无 
2026-06-16 23:32:28.098  INFO [no-trace] c.j.s.RoundOptimizationValidatorTest     :   ✓ C3-1 rounds=1 violations=无 
2026-06-16 23:32:28.104  INFO [no-trace] c.j.s.RoundOptimizationValidatorTest     :   ✗ C3-2 rounds=1 violations=[BP1 FAKE_TECH(sev=2)] 
2026-06-16 23:32:28.104  INFO [no-trace] c.j.s.RoundOptimizationValidatorTest     :   ✗ C4-1 rounds=1 violations=[BP1 EXAGGERATION(sev=3)] 
2026-06-16 23:32:28.104  INFO [no-trace] c.j.s.RoundOptimizationValidatorTest     :   ✓ C5-1 rounds=1 violations=无 
2026-06-16 23:32:28.104  INFO [no-trace] c.j.s.RoundOptimizationValidatorTest     : 
[MAX_ROUNDS=2]
2026-06-16 23:32:28.104  INFO [no-trace] c.j.s.RoundOptimizationValidatorTest     :   ✓ C1-1 rounds=2 violations=无 
2026-06-16 23:32:28.104  INFO [no-trace] c.j.s.RoundOptimizationValidatorTest     :   ✓ C1-2 rounds=2 violations=无 
2026-06-16 23:32:28.105  INFO [no-trace] c.j.s.RoundOptimizationValidatorTest     :   ✓ C2-1 rounds=1 violations=无 
2026-06-16 23:32:28.105  INFO [no-trace] c.j.s.RoundOptimizationValidatorTest     :   ✓ C2-2 rounds=1 violations=无 
2026-06-16 23:32:28.105  INFO [no-trace] c.j.s.RoundOptimizationValidatorTest     :   ✓ C3-1 rounds=1 violations=无 
2026-06-16 23:32:28.105  INFO [no-trace] c.j.s.RoundOptimizationValidatorTest     :   ✓ C3-2 rounds=1 violations=无 
2026-06-16 23:32:28.105  INFO [no-trace] c.j.s.RoundOptimizationValidatorTest     :   ✗ C4-1 rounds=2 violations=[BP1 MINOR_EMBELLISHMENT(sev=2)], [BP2 MINOR_EMBELLISHMENT(sev=2)] 
2026-06-16 23:32:28.105  INFO [no-trace] c.j.s.RoundOptimizationValidatorTest     :   ✗ C5-1 rounds=1 violations=[BP2 FAKE_TECH(sev=3)] 
2026-06-16 23:32:28.105  INFO [no-trace] c.j.s.RoundOptimizationValidatorTest     : 
[MAX_ROUNDS=3]
2026-06-16 23:32:28.105  INFO [no-trace] c.j.s.RoundOptimizationValidatorTest     :   ✗ C1-1 rounds=0 violations=无 ERR:com.google.gson.stream.MalformedJsonException: Unterminated object at line 8 column 30 path $.violations[0].detail
2026-06-16 23:32:28.105  INFO [no-trace] c.j.s.RoundOptimizationValidatorTest     :   ✗ C1-2 rounds=1 violations=[BP1 EXAGGERATION(sev=2)] 
2026-06-16 23:32:28.105  INFO [no-trace] c.j.s.RoundOptimizationValidatorTest     :   ✓ C2-1 rounds=1 violations=无 
2026-06-16 23:32:28.105  INFO [no-trace] c.j.s.RoundOptimizationValidatorTest     :   ✓ C2-2 rounds=1 violations=无 
2026-06-16 23:32:28.105  INFO [no-trace] c.j.s.RoundOptimizationValidatorTest     :   ✓ C3-1 rounds=1 violations=无 
2026-06-16 23:32:28.106  INFO [no-trace] c.j.s.RoundOptimizationValidatorTest     :   ✗ C3-2 rounds=1 violations=[BP1 FAKE_TECH(sev=2)] 
2026-06-16 23:32:28.106  INFO [no-trace] c.j.s.RoundOptimizationValidatorTest     :   ✓ C4-1 rounds=2 violations=无 
2026-06-16 23:32:28.106  INFO [no-trace] c.j.s.RoundOptimizationValidatorTest     :   ✓ C5-1 rounds=1 violations=无 
2026-06-16 23:32:28.106  INFO [no-trace] c.j.s.RoundOptimizationValidatorTest     : 
[MAX_ROUNDS=4]
2026-06-16 23:32:28.106  INFO [no-trace] c.j.s.RoundOptimizationValidatorTest     :   ✓ C1-1 rounds=2 violations=无 
2026-06-16 23:32:28.106  INFO [no-trace] c.j.s.RoundOptimizationValidatorTest     :   ✓ C1-2 rounds=1 violations=无 
2026-06-16 23:32:28.106  INFO [no-trace] c.j.s.RoundOptimizationValidatorTest     :   ✓ C2-1 rounds=1 violations=无 
2026-06-16 23:32:28.106  INFO [no-trace] c.j.s.RoundOptimizationValidatorTest     :   ✓ C2-2 rounds=1 violations=无 
2026-06-16 23:32:28.106  INFO [no-trace] c.j.s.RoundOptimizationValidatorTest     :   ✓ C3-1 rounds=2 violations=无 
2026-06-16 23:32:28.106  INFO [no-trace] c.j.s.RoundOptimizationValidatorTest     :   ✗ C3-2 rounds=1 violations=[BP1 FAKE_TECH(sev=2)] 
2026-06-16 23:32:28.106  INFO [no-trace] c.j.s.RoundOptimizationValidatorTest     :   ✗ C4-1 rounds=1 violations=[BP1 EXAGGERATION(sev=3)] 
2026-06-16 23:32:28.106  INFO [no-trace] c.j.s.RoundOptimizationValidatorTest     :   ✓ C5-1 rounds=1 violations=无 
2026-06-16 23:32:28.106  INFO [no-trace] c.j.s.RoundOptimizationValidatorTest     : 
[MAX_ROUNDS=5]
2026-06-16 23:32:28.106  INFO [no-trace] c.j.s.RoundOptimizationValidatorTest     :   ✓ C1-1 rounds=4 violations=无 
2026-06-16 23:32:28.106  INFO [no-trace] c.j.s.RoundOptimizationValidatorTest     :   ✗ C1-2 rounds=1 violations=[BP3 MINOR_EMBELLISHMENT(sev=2)] 
2026-06-16 23:32:28.106  INFO [no-trace] c.j.s.RoundOptimizationValidatorTest     :   ✓ C2-1 rounds=1 violations=无 
2026-06-16 23:32:28.106  INFO [no-trace] c.j.s.RoundOptimizationValidatorTest     :   ✗ C2-2 rounds=1 violations=[BP2 MINOR_EMBELLISHMENT(sev=2)] 
2026-06-16 23:32:28.106  INFO [no-trace] c.j.s.RoundOptimizationValidatorTest     :   ✓ C3-1 rounds=1 violations=无 
2026-06-16 23:32:28.106  INFO [no-trace] c.j.s.RoundOptimizationValidatorTest     :   ✓ C3-2 rounds=1 violations=无 
2026-06-16 23:32:28.106  INFO [no-trace] c.j.s.RoundOptimizationValidatorTest     :   ✗ C4-1 rounds=0 violations=无 ERR:com.google.gson.stream.MalformedJsonException: Unterminated object at line 8 column 28 path $.violations[0].detail
2026-06-16 23:32:28.106  INFO [no-trace] c.j.s.RoundOptimizationValidatorTest     :   ✗ C5-1 rounds=1 violations=[BP1 MINOR_EMBELLISHMENT(sev=1)] 
2026-06-16 23:32:28.106  INFO [no-trace] c.j.s.RoundOptimizationValidatorTest     : 
--- CSV 导出 ---
2026-06-16 23:32:28.106  INFO [no-trace] c.j.s.RoundOptimizationValidatorTest     : maxRounds,caseId,category,actualRounds,approved,violationCount,violationTypes,error
2026-06-16 23:32:28.111  INFO [no-trace] c.j.s.RoundOptimizationValidatorTest     : 1,C1-1,C1-正常,1,true,0,NONE,com.google.gson.stream.MalformedJsonException: Unterminated object at line 8 column 30 path $.violations[0].detail
2026-06-16 23:32:28.112  INFO [no-trace] c.j.s.RoundOptimizationValidatorTest     : 1,C1-2,C1-正常,1,true,0,NONE,
2026-06-16 23:32:28.112  INFO [no-trace] c.j.s.RoundOptimizationValidatorTest     : 1,C2-1,C2-信息稀疏,1,true,0,NONE,
2026-06-16 23:32:28.112  INFO [no-trace] c.j.s.RoundOptimizationValidatorTest     : 1,C2-2,C2-信息稀疏,1,true,0,NONE,
2026-06-16 23:32:28.112  INFO [no-trace] c.j.s.RoundOptimizationValidatorTest     : 1,C3-1,C3-含模糊描述,1,true,0,NONE,
2026-06-16 23:32:28.112  INFO [no-trace] c.j.s.RoundOptimizationValidatorTest     : 1,C3-2,C3-含模糊描述,1,false,1,FAKE_TECH,
2026-06-16 23:32:28.112  INFO [no-trace] c.j.s.RoundOptimizationValidatorTest     : 1,C4-1,C4-含精确数据,1,false,1,EXAGGERATION,
2026-06-16 23:32:28.112  INFO [no-trace] c.j.s.RoundOptimizationValidatorTest     : 1,C5-1,C5-JD/原文零交集,1,true,0,NONE,
2026-06-16 23:32:28.112  INFO [no-trace] c.j.s.RoundOptimizationValidatorTest     : 2,C1-1,C1-正常,2,true,0,NONE,
2026-06-16 23:32:28.112  INFO [no-trace] c.j.s.RoundOptimizationValidatorTest     : 2,C1-2,C1-正常,2,true,0,NONE,
2026-06-16 23:32:28.112  INFO [no-trace] c.j.s.RoundOptimizationValidatorTest     : 2,C2-1,C2-信息稀疏,1,true,0,NONE,
2026-06-16 23:32:28.112  INFO [no-trace] c.j.s.RoundOptimizationValidatorTest     : 2,C2-2,C2-信息稀疏,1,true,0,NONE,
2026-06-16 23:32:28.112  INFO [no-trace] c.j.s.RoundOptimizationValidatorTest     : 2,C3-1,C3-含模糊描述,1,true,0,NONE,
2026-06-16 23:32:28.112  INFO [no-trace] c.j.s.RoundOptimizationValidatorTest     : 2,C3-2,C3-含模糊描述,1,true,0,NONE,
2026-06-16 23:32:28.112  INFO [no-trace] c.j.s.RoundOptimizationValidatorTest     : 2,C4-1,C4-含精确数据,2,false,2,MINOR_EMBELLISHMENT,
2026-06-16 23:32:28.112  INFO [no-trace] c.j.s.RoundOptimizationValidatorTest     : 2,C5-1,C5-JD/原文零交集,1,false,1,FAKE_TECH,
2026-06-16 23:32:28.113  INFO [no-trace] c.j.s.RoundOptimizationValidatorTest     : 3,C1-1,C1-正常,0,false,0,NONE,com.google.gson.stream.MalformedJsonException: Unterminated object at line 8 column 30 path $.violations[0].detail
2026-06-16 23:32:28.113  INFO [no-trace] c.j.s.RoundOptimizationValidatorTest     : 3,C1-2,C1-正常,1,false,1,EXAGGERATION,
2026-06-16 23:32:28.113  INFO [no-trace] c.j.s.RoundOptimizationValidatorTest     : 3,C2-1,C2-信息稀疏,1,true,0,NONE,
2026-06-16 23:32:28.113  INFO [no-trace] c.j.s.RoundOptimizationValidatorTest     : 3,C2-2,C2-信息稀疏,1,true,0,NONE,
2026-06-16 23:32:28.113  INFO [no-trace] c.j.s.RoundOptimizationValidatorTest     : 3,C3-1,C3-含模糊描述,1,true,0,NONE,
2026-06-16 23:32:28.113  INFO [no-trace] c.j.s.RoundOptimizationValidatorTest     : 3,C3-2,C3-含模糊描述,1,false,1,FAKE_TECH,
2026-06-16 23:32:28.113  INFO [no-trace] c.j.s.RoundOptimizationValidatorTest     : 3,C4-1,C4-含精确数据,2,true,0,NONE,
2026-06-16 23:32:28.113  INFO [no-trace] c.j.s.RoundOptimizationValidatorTest     : 3,C5-1,C5-JD/原文零交集,1,true,0,NONE,
2026-06-16 23:32:28.113  INFO [no-trace] c.j.s.RoundOptimizationValidatorTest     : 4,C1-1,C1-正常,2,true,0,NONE,
2026-06-16 23:32:28.113  INFO [no-trace] c.j.s.RoundOptimizationValidatorTest     : 4,C1-2,C1-正常,1,true,0,NONE,
2026-06-16 23:32:28.113  INFO [no-trace] c.j.s.RoundOptimizationValidatorTest     : 4,C2-1,C2-信息稀疏,1,true,0,NONE,
2026-06-16 23:32:28.113  INFO [no-trace] c.j.s.RoundOptimizationValidatorTest     : 4,C2-2,C2-信息稀疏,1,true,0,NONE,
2026-06-16 23:32:28.113  INFO [no-trace] c.j.s.RoundOptimizationValidatorTest     : 4,C3-1,C3-含模糊描述,2,true,0,NONE,
2026-06-16 23:32:28.113  INFO [no-trace] c.j.s.RoundOptimizationValidatorTest     : 4,C3-2,C3-含模糊描述,1,false,1,FAKE_TECH,
2026-06-16 23:32:28.113  INFO [no-trace] c.j.s.RoundOptimizationValidatorTest     : 4,C4-1,C4-含精确数据,1,false,1,EXAGGERATION,
2026-06-16 23:32:28.113  INFO [no-trace] c.j.s.RoundOptimizationValidatorTest     : 4,C5-1,C5-JD/原文零交集,1,true,0,NONE,
2026-06-16 23:32:28.113  INFO [no-trace] c.j.s.RoundOptimizationValidatorTest     : 5,C1-1,C1-正常,4,true,0,NONE,
2026-06-16 23:32:28.113  INFO [no-trace] c.j.s.RoundOptimizationValidatorTest     : 5,C1-2,C1-正常,1,false,1,MINOR_EMBELLISHMENT,
2026-06-16 23:32:28.113  INFO [no-trace] c.j.s.RoundOptimizationValidatorTest     : 5,C2-1,C2-信息稀疏,1,true,0,NONE,
2026-06-16 23:32:28.113  INFO [no-trace] c.j.s.RoundOptimizationValidatorTest     : 5,C2-2,C2-信息稀疏,1,false,1,MINOR_EMBELLISHMENT,
2026-06-16 23:32:28.113  INFO [no-trace] c.j.s.RoundOptimizationValidatorTest     : 5,C3-1,C3-含模糊描述,1,true,0,NONE,
2026-06-16 23:32:28.113  INFO [no-trace] c.j.s.RoundOptimizationValidatorTest     : 5,C3-2,C3-含模糊描述,1,true,0,NONE,
2026-06-16 23:32:28.113  INFO [no-trace] c.j.s.RoundOptimizationValidatorTest     : 5,C4-1,C4-含精确数据,0,false,0,NONE,com.google.gson.stream.MalformedJsonException: Unterminated object at line 8 column 28 path $.violations[0].detail
2026-06-16 23:32:28.113  INFO [no-trace] c.j.s.RoundOptimizationValidatorTest     : 5,C5-1,C5-JD/原文零交集,1,false,1,MINOR_EMBELLISHMENT,
2026-06-16 23:32:28.114  INFO [no-trace] c.j.s.RoundOptimizationValidatorTest     : 
================================================================

2026-06-16 23:32:28.270  INFO [no-trace] c.j.service.RewriteCoordinatorService    : Critic result: approved=true, maxSeverity=0, violations=0, round=1/1
2026-06-16 23:32:28.512 DEBUG [no-trace] c.j.s.MatchEvaluationFacadeService       : 裁剪前 JD=500字 简历=500字，裁剪后 JD=498字 简历=463字
2026-06-16 23:32:28.629 DEBUG [no-trace] c.j.s.MatchEvaluationFacadeService       : 裁剪前 JD=500字 简历=8000字，裁剪后 JD=498字 简历=3993字
2026-06-16 23:32:28.651 DEBUG [no-trace] c.j.s.MatchEvaluationFacadeService       : 裁剪前 JD=10000字 简历=10000字，裁剪后 JD=4004字 简历=3993字
2026-06-16 23:32:28.739 DEBUG [no-trace] c.j.s.MatchEvaluationFacadeService       : 裁剪前 JD=2000字 简历=2000字，裁剪后 JD=1992字 简历=1886字
2026-06-16 23:32:28.751 DEBUG [no-trace] c.j.s.MatchEvaluationFacadeService       : 裁剪前 JD=8000字 简历=500字，裁剪后 JD=4004字 简历=463字
2026-06-16 23:32:32.085  INFO [no-trace] c.j.s.RoundOptimizationValidatorTest     :   [C2-1] rounds=1 approved=true violations=0
2026-06-16 23:32:32.086  INFO [no-trace] c.j.service.RewriteCoordinatorService    : Actor-Critic round=1/1, hasFeedback=false
2026-06-16 23:32:45.704  INFO [no-trace] c.j.service.RewriteCoordinatorService    : Critic result: approved=false, maxSeverity=4, violations=2, round=1/1
2026-06-16 23:32:45.706  INFO [no-trace] c.j.service.RewriteCoordinatorService    : Critic not approved, maxSeverity=4, entering rewrite loop. round=1/1
2026-06-16 23:32:45.706  WARN [no-trace] c.j.service.RewriteCoordinatorService    : Actor-Critic reached maxRounds=1, returning last draft
2026-06-16 23:32:54.271  INFO [no-trace] c.j.s.RoundOptimizationValidatorTest     :   [C2-2] rounds=1 approved=false violations=2
2026-06-16 23:32:54.271  INFO [no-trace] c.j.service.RewriteCoordinatorService    : Actor-Critic round=1/1, hasFeedback=false
2026-06-16 23:33:01.529  INFO [no-trace] c.j.service.RewriteCoordinatorService    : Critic result: approved=true, maxSeverity=0, violations=0, round=1/1
2026-06-16 23:33:04.989  INFO [no-trace] c.j.s.RoundOptimizationValidatorTest     :   [C3-1] rounds=1 approved=true violations=0
2026-06-16 23:33:04.989  INFO [no-trace] c.j.service.RewriteCoordinatorService    : Actor-Critic round=1/1, hasFeedback=false
2026-06-16 23:33:13.679  INFO [no-trace] c.j.service.RewriteCoordinatorService    : Critic result: approved=true, maxSeverity=0, violations=0, round=1/1
2026-06-16 23:33:16.255  INFO [no-trace] c.j.s.RoundOptimizationValidatorTest     :   [C3-2] rounds=1 approved=true violations=0
2026-06-16 23:33:16.256  INFO [no-trace] c.j.service.RewriteCoordinatorService    : Actor-Critic round=1/1, hasFeedback=false
2026-06-16 23:33:26.618  INFO [no-trace] c.j.service.RewriteCoordinatorService    : Critic result: approved=false, maxSeverity=3, violations=1, round=1/1
2026-06-16 23:33:26.618  INFO [no-trace] c.j.service.RewriteCoordinatorService    : Critic not approved, maxSeverity=3, entering rewrite loop. round=1/1
2026-06-16 23:33:26.618  WARN [no-trace] c.j.service.RewriteCoordinatorService    : Actor-Critic reached maxRounds=1, returning last draft
2026-06-16 23:33:31.807  INFO [no-trace] c.j.s.RoundOptimizationValidatorTest     :   [C4-1] rounds=1 approved=false violations=1
2026-06-16 23:33:31.807  INFO [no-trace] c.j.service.RewriteCoordinatorService    : Actor-Critic round=1/1, hasFeedback=false
2026-06-16 23:33:45.696  INFO [no-trace] c.j.service.RewriteCoordinatorService    : Critic result: approved=false, maxSeverity=3, violations=1, round=1/1
2026-06-16 23:33:45.697  INFO [no-trace] c.j.service.RewriteCoordinatorService    : Critic not approved, maxSeverity=3, entering rewrite loop. round=1/1
2026-06-16 23:33:45.697  WARN [no-trace] c.j.service.RewriteCoordinatorService    : Actor-Critic reached maxRounds=1, returning last draft
2026-06-16 23:33:50.401  INFO [no-trace] c.j.s.RoundOptimizationValidatorTest     :   [C5-1] rounds=1 approved=false violations=1
2026-06-16 23:33:50.429  INFO [no-trace] c.j.s.RoundOptimizationValidatorTest     :   MAX_ROUNDS=1 汇总: 通过率=3/8 (37.5%) 平均轮次={:.1f} 估算token=1.0
2026-06-16 23:33:50.430  INFO [no-trace] c.j.s.RoundOptimizationValidatorTest     : --- 开始 MAX_ROUNDS=2 变体 ---
2026-06-16 23:33:50.430  INFO [no-trace] c.j.service.RewriteCoordinatorService    : Actor-Critic round=1/2, hasFeedback=false
2026-06-16 23:34:04.126  INFO [no-trace] c.j.service.RewriteCoordinatorService    : Critic result: approved=false, maxSeverity=3, violations=2, round=1/2
2026-06-16 23:34:04.126  INFO [no-trace] c.j.service.RewriteCoordinatorService    : Critic not approved, maxSeverity=3, entering rewrite loop. round=1/2
2026-06-16 23:34:04.126  INFO [no-trace] c.j.service.RewriteCoordinatorService    : Actor-Critic round=2/2, hasFeedback=true
2026-06-16 23:34:10.450  INFO [no-trace] c.j.service.RewriteCoordinatorService    : Critic result: approved=true, maxSeverity=0, violations=0, round=2/2
2026-06-16 23:34:13.486  INFO [no-trace] c.j.s.RoundOptimizationValidatorTest     :   [C1-1] rounds=2 approved=true violations=0
2026-06-16 23:34:13.486  INFO [no-trace] c.j.service.RewriteCoordinatorService    : Actor-Critic round=1/2, hasFeedback=false
2026-06-16 23:34:25.918  INFO [no-trace] c.j.service.RewriteCoordinatorService    : Critic result: approved=true, maxSeverity=0, violations=0, round=1/2
2026-06-16 23:34:48.653  INFO [no-trace] c.j.s.RoundOptimizationValidatorTest     :   [C1-2] rounds=1 approved=false violations=1
2026-06-16 23:34:48.654  INFO [no-trace] c.j.service.RewriteCoordinatorService    : Actor-Critic round=1/2, hasFeedback=false
2026-06-16 23:35:02.101  INFO [no-trace] c.j.service.RewriteCoordinatorService    : Critic result: approved=false, maxSeverity=2, violations=1, round=1/2
2026-06-16 23:35:02.101  WARN [no-trace] c.j.service.RewriteCoordinatorService    : Critic not approved but maxSeverity=2 (MINOR_EMBELLISHMENT only), treating as passed. round=1/2
2026-06-16 23:35:11.763  INFO [no-trace] c.j.s.RoundOptimizationValidatorTest     :   [C2-1] rounds=1 approved=true violations=0
2026-06-16 23:35:11.772  INFO [no-trace] c.j.service.RewriteCoordinatorService    : Actor-Critic round=1/2, hasFeedback=false
2026-06-16 23:35:23.948  INFO [no-trace] c.j.service.RewriteCoordinatorService    : Critic result: approved=true, maxSeverity=0, violations=0, round=1/2
2026-06-16 23:35:25.683  INFO [no-trace] c.j.s.RoundOptimizationValidatorTest     :   [C2-2] rounds=1 approved=true violations=0
2026-06-16 23:35:25.683  INFO [no-trace] c.j.service.RewriteCoordinatorService    : Actor-Critic round=1/2, hasFeedback=false
2026-06-16 23:35:35.823  INFO [no-trace] c.j.service.RewriteCoordinatorService    : Critic result: approved=true, maxSeverity=0, violations=0, round=1/2
2026-06-16 23:35:40.849  INFO [no-trace] c.j.s.RoundOptimizationValidatorTest     :   [C3-1] rounds=1 approved=true violations=0
2026-06-16 23:35:40.850  INFO [no-trace] c.j.service.RewriteCoordinatorService    : Actor-Critic round=1/2, hasFeedback=false
2026-06-16 23:35:49.661  INFO [no-trace] c.j.service.RewriteCoordinatorService    : Critic result: approved=true, maxSeverity=0, violations=0, round=1/2
2026-06-16 23:35:51.973  INFO [no-trace] c.j.s.RoundOptimizationValidatorTest     :   [C3-2] rounds=1 approved=true violations=0
2026-06-16 23:35:51.973  INFO [no-trace] c.j.service.RewriteCoordinatorService    : Actor-Critic round=1/2, hasFeedback=false
2026-06-16 23:36:02.830  INFO [no-trace] c.j.service.RewriteCoordinatorService    : Critic result: approved=false, maxSeverity=2, violations=1, round=1/2
2026-06-16 23:36:02.830  WARN [no-trace] c.j.service.RewriteCoordinatorService    : Critic not approved but maxSeverity=2 (MINOR_EMBELLISHMENT only), treating as passed. round=1/2
2026-06-16 23:36:09.175  INFO [no-trace] c.j.s.RoundOptimizationValidatorTest     :   [C4-1] rounds=1 approved=false violations=1
2026-06-16 23:36:09.175  INFO [no-trace] c.j.service.RewriteCoordinatorService    : Actor-Critic round=1/2, hasFeedback=false
2026-06-16 23:36:31.023  INFO [no-trace] c.j.service.RewriteCoordinatorService    : Critic result: approved=false, maxSeverity=1, violations=1, round=1/2
2026-06-16 23:36:31.023  WARN [no-trace] c.j.service.RewriteCoordinatorService    : Critic not approved but maxSeverity=1 (MINOR_EMBELLISHMENT only), treating as passed. round=1/2
2026-06-16 23:36:40.901  INFO [no-trace] c.j.s.RoundOptimizationValidatorTest     :   [C5-1] rounds=1 approved=true violations=0
2026-06-16 23:36:40.902  INFO [no-trace] c.j.s.RoundOptimizationValidatorTest     :   MAX_ROUNDS=2 汇总: 通过率=6/8 (75.0%) 平均轮次={:.1f} 估算token=1.125
2026-06-16 23:36:40.902  INFO [no-trace] c.j.s.RoundOptimizationValidatorTest     : --- 开始 MAX_ROUNDS=3 变体 ---
2026-06-16 23:36:40.902  INFO [no-trace] c.j.service.RewriteCoordinatorService    : Actor-Critic round=1/3, hasFeedback=false
2026-06-16 23:37:01.103  INFO [no-trace] c.j.service.RewriteCoordinatorService    : Critic result: approved=false, maxSeverity=3, violations=3, round=1/3
2026-06-16 23:37:01.103  INFO [no-trace] c.j.service.RewriteCoordinatorService    : Critic not approved, maxSeverity=3, entering rewrite loop. round=1/3
2026-06-16 23:37:01.103  INFO [no-trace] c.j.service.RewriteCoordinatorService    : Actor-Critic round=2/3, hasFeedback=true
2026-06-16 23:37:13.133  INFO [no-trace] c.j.service.RewriteCoordinatorService    : Critic result: approved=true, maxSeverity=0, violations=0, round=2/3
2026-06-16 23:37:16.526  INFO [no-trace] c.j.s.RoundOptimizationValidatorTest     :   [C1-1] rounds=2 approved=true violations=0
2026-06-16 23:37:16.526  INFO [no-trace] c.j.service.RewriteCoordinatorService    : Actor-Critic round=1/3, hasFeedback=false
2026-06-16 23:37:37.485  INFO [no-trace] c.j.service.RewriteCoordinatorService    : Critic result: approved=false, maxSeverity=3, violations=1, round=1/3
2026-06-16 23:37:37.485  INFO [no-trace] c.j.service.RewriteCoordinatorService    : Critic not approved, maxSeverity=3, entering rewrite loop. round=1/3
2026-06-16 23:37:37.485  INFO [no-trace] c.j.service.RewriteCoordinatorService    : Actor-Critic round=2/3, hasFeedback=true
2026-06-16 23:37:50.591  INFO [no-trace] c.j.service.RewriteCoordinatorService    : Critic result: approved=true, maxSeverity=0, violations=0, round=2/3
2026-06-16 23:37:54.247  INFO [no-trace] c.j.s.RoundOptimizationValidatorTest     :   [C1-2] rounds=2 approved=true violations=0
2026-06-16 23:37:54.247  INFO [no-trace] c.j.service.RewriteCoordinatorService    : Actor-Critic round=1/3, hasFeedback=false
2026-06-16 23:38:05.644  INFO [no-trace] c.j.service.RewriteCoordinatorService    : Critic result: approved=true, maxSeverity=0, violations=0, round=1/3
2026-06-16 23:38:11.774  INFO [no-trace] c.j.s.RoundOptimizationValidatorTest     :   [C2-1] rounds=1 approved=false violations=1
2026-06-16 23:38:11.783  INFO [no-trace] c.j.service.RewriteCoordinatorService    : Actor-Critic round=1/3, hasFeedback=false
2026-06-16 23:38:23.475  INFO [no-trace] c.j.service.RewriteCoordinatorService    : Critic result: approved=false, maxSeverity=2, violations=1, round=1/3
2026-06-16 23:38:23.475  WARN [no-trace] c.j.service.RewriteCoordinatorService    : Critic not approved but maxSeverity=2 (MINOR_EMBELLISHMENT only), treating as passed. round=1/3
2026-06-16 23:38:34.792  INFO [no-trace] c.j.s.RoundOptimizationValidatorTest     :   [C2-2] rounds=1 approved=false violations=1
2026-06-16 23:38:34.793  INFO [no-trace] c.j.service.RewriteCoordinatorService    : Actor-Critic round=1/3, hasFeedback=false
2026-06-16 23:38:49.952  INFO [no-trace] c.j.service.RewriteCoordinatorService    : Critic result: approved=false, maxSeverity=3, violations=1, round=1/3
2026-06-16 23:38:49.953  INFO [no-trace] c.j.service.RewriteCoordinatorService    : Critic not approved, maxSeverity=3, entering rewrite loop. round=1/3
2026-06-16 23:38:49.953  INFO [no-trace] c.j.service.RewriteCoordinatorService    : Actor-Critic round=2/3, hasFeedback=true
2026-06-16 23:38:59.441  INFO [no-trace] c.j.service.RewriteCoordinatorService    : Critic result: approved=true, maxSeverity=0, violations=0, round=2/3
2026-06-16 23:39:02.437  INFO [no-trace] c.j.s.RoundOptimizationValidatorTest     :   [C3-1] rounds=2 approved=true violations=0
2026-06-16 23:39:02.437  INFO [no-trace] c.j.service.RewriteCoordinatorService    : Actor-Critic round=1/3, hasFeedback=false
2026-06-16 23:39:10.229  INFO [no-trace] c.j.service.RewriteCoordinatorService    : Critic result: approved=true, maxSeverity=0, violations=0, round=1/3
2026-06-16 23:39:13.384  INFO [no-trace] c.j.s.RoundOptimizationValidatorTest     :   [C3-2] rounds=1 approved=true violations=0
2026-06-16 23:39:13.384  INFO [no-trace] c.j.service.RewriteCoordinatorService    : Actor-Critic round=1/3, hasFeedback=false
2026-06-16 23:39:30.437  INFO [no-trace] c.j.service.RewriteCoordinatorService    : Critic result: approved=false, maxSeverity=3, violations=2, round=1/3
2026-06-16 23:39:30.437  INFO [no-trace] c.j.service.RewriteCoordinatorService    : Critic not approved, maxSeverity=3, entering rewrite loop. round=1/3
2026-06-16 23:39:30.437  INFO [no-trace] c.j.service.RewriteCoordinatorService    : Actor-Critic round=2/3, hasFeedback=true
2026-06-16 23:39:38.880  INFO [no-trace] c.j.service.RewriteCoordinatorService    : Critic result: approved=true, maxSeverity=0, violations=0, round=2/3
2026-06-16 23:39:41.779  INFO [no-trace] c.j.s.RoundOptimizationValidatorTest     :   [C4-1] rounds=2 approved=true violations=0
2026-06-16 23:39:41.780  INFO [no-trace] c.j.service.RewriteCoordinatorService    : Actor-Critic round=1/3, hasFeedback=false
2026-06-16 23:40:05.486  INFO [no-trace] c.j.service.RewriteCoordinatorService    : Critic result: approved=false, maxSeverity=2, violations=1, round=1/3
2026-06-16 23:40:05.486  WARN [no-trace] c.j.service.RewriteCoordinatorService    : Critic not approved but maxSeverity=2 (MINOR_EMBELLISHMENT only), treating as passed. round=1/3
2026-06-16 23:40:14.148  INFO [no-trace] c.j.s.RoundOptimizationValidatorTest     :   [C5-1] rounds=1 approved=false violations=1
2026-06-16 23:40:14.148  INFO [no-trace] c.j.s.RoundOptimizationValidatorTest     :   MAX_ROUNDS=3 汇总: 通过率=5/8 (62.5%) 平均轮次={:.1f} 估算token=1.5
2026-06-16 23:40:14.149  INFO [no-trace] c.j.s.RoundOptimizationValidatorTest     : --- 开始 MAX_ROUNDS=4 变体 ---
2026-06-16 23:40:14.149  INFO [no-trace] c.j.service.RewriteCoordinatorService    : Actor-Critic round=1/4, hasFeedback=false
2026-06-16 23:40:29.348  INFO [no-trace] c.j.service.RewriteCoordinatorService    : Critic result: approved=false, maxSeverity=3, violations=1, round=1/4
2026-06-16 23:40:29.348  INFO [no-trace] c.j.service.RewriteCoordinatorService    : Critic not approved, maxSeverity=3, entering rewrite loop. round=1/4
2026-06-16 23:40:29.348  INFO [no-trace] c.j.service.RewriteCoordinatorService    : Actor-Critic round=2/4, hasFeedback=true
2026-06-16 23:40:43.815  INFO [no-trace] c.j.service.RewriteCoordinatorService    : Critic result: approved=false, maxSeverity=3, violations=2, round=2/4
2026-06-16 23:40:43.816  INFO [no-trace] c.j.service.RewriteCoordinatorService    : Critic not approved, maxSeverity=3, entering rewrite loop. round=2/4
2026-06-16 23:40:43.816  INFO [no-trace] c.j.service.RewriteCoordinatorService    : Actor-Critic round=3/4, hasFeedback=true
2026-06-16 23:40:57.816  INFO [no-trace] c.j.service.RewriteCoordinatorService    : Critic result: approved=false, maxSeverity=3, violations=1, round=3/4
2026-06-16 23:40:57.816  INFO [no-trace] c.j.service.RewriteCoordinatorService    : Critic not approved, maxSeverity=3, entering rewrite loop. round=3/4
2026-06-16 23:40:57.816  INFO [no-trace] c.j.service.RewriteCoordinatorService    : Actor-Critic round=4/4, hasFeedback=true
2026-06-16 23:41:09.799  INFO [no-trace] c.j.service.RewriteCoordinatorService    : Critic result: approved=false, maxSeverity=2, violations=1, round=4/4
2026-06-16 23:41:09.799  WARN [no-trace] c.j.service.RewriteCoordinatorService    : Critic not approved but maxSeverity=2 (MINOR_EMBELLISHMENT only), treating as passed. round=4/4
2026-06-16 23:41:21.776  INFO [no-trace] c.j.s.RoundOptimizationValidatorTest     :   [C1-1] rounds=4 approved=false violations=1
2026-06-16 23:41:21.777  INFO [no-trace] c.j.service.RewriteCoordinatorService    : Actor-Critic round=1/4, hasFeedback=false
2026-06-16 23:41:33.800  INFO [no-trace] c.j.service.RewriteCoordinatorService    : Critic result: approved=true, maxSeverity=0, violations=0, round=1/4
2026-06-16 23:41:38.365  INFO [no-trace] c.j.s.RoundOptimizationValidatorTest     :   [C1-2] rounds=1 approved=true violations=0
2026-06-16 23:41:38.365  INFO [no-trace] c.j.service.RewriteCoordinatorService    : Actor-Critic round=1/4, hasFeedback=false
2026-06-16 23:41:48.399  INFO [no-trace] c.j.service.RewriteCoordinatorService    : Critic result: approved=true, maxSeverity=0, violations=0, round=1/4
2026-06-16 23:41:51.661  INFO [no-trace] c.j.s.RoundOptimizationValidatorTest     :   [C2-1] rounds=1 approved=true violations=0
2026-06-16 23:41:51.662  INFO [no-trace] c.j.service.RewriteCoordinatorService    : Actor-Critic round=1/4, hasFeedback=false
2026-06-16 23:42:05.336  WARN [no-trace] c.j.s.RoundOptimizationValidatorTest     :   [C2-2] 执行异常: com.google.gson.stream.MalformedJsonException: Unterminated object at line 8 column 28 path $.violations[0].detail
2026-06-16 23:42:05.336  INFO [no-trace] c.j.s.RoundOptimizationValidatorTest     :   [C2-2] rounds=0 approved=false violations=0
2026-06-16 23:42:05.336  INFO [no-trace] c.j.service.RewriteCoordinatorService    : Actor-Critic round=1/4, hasFeedback=false
2026-06-16 23:42:21.709  INFO [no-trace] c.j.service.RewriteCoordinatorService    : Critic result: approved=false, maxSeverity=3, violations=1, round=1/4
2026-06-16 23:42:21.709  INFO [no-trace] c.j.service.RewriteCoordinatorService    : Critic not approved, maxSeverity=3, entering rewrite loop. round=1/4
2026-06-16 23:42:21.709  INFO [no-trace] c.j.service.RewriteCoordinatorService    : Actor-Critic round=2/4, hasFeedback=true
2026-06-16 23:42:29.261  INFO [no-trace] c.j.service.RewriteCoordinatorService    : Critic result: approved=true, maxSeverity=0, violations=0, round=2/4
2026-06-16 23:42:32.122  INFO [no-trace] c.j.s.RoundOptimizationValidatorTest     :   [C3-1] rounds=2 approved=true violations=0
2026-06-16 23:42:32.122  INFO [no-trace] c.j.service.RewriteCoordinatorService    : Actor-Critic round=1/4, hasFeedback=false
2026-06-16 23:42:43.453  INFO [no-trace] c.j.service.RewriteCoordinatorService    : Critic result: approved=false, maxSeverity=2, violations=1, round=1/4
2026-06-16 23:42:43.453  WARN [no-trace] c.j.service.RewriteCoordinatorService    : Critic not approved but maxSeverity=2 (MINOR_EMBELLISHMENT only), treating as passed. round=1/4
2026-06-16 23:42:49.155  WARN [no-trace] c.j.s.RoundOptimizationValidatorTest     :   [C3-2] 执行异常: com.google.gson.stream.MalformedJsonException: Unterminated object at line 8 column 29 path $.violations[0].detail
2026-06-16 23:42:49.155  INFO [no-trace] c.j.s.RoundOptimizationValidatorTest     :   [C3-2] rounds=1 approved=true violations=0
2026-06-16 23:42:49.155  INFO [no-trace] c.j.service.RewriteCoordinatorService    : Actor-Critic round=1/4, hasFeedback=false
2026-06-16 23:43:04.560  INFO [no-trace] c.j.service.RewriteCoordinatorService    : Critic result: approved=false, maxSeverity=3, violations=1, round=1/4
2026-06-16 23:43:04.560  INFO [no-trace] c.j.service.RewriteCoordinatorService    : Critic not approved, maxSeverity=3, entering rewrite loop. round=1/4
2026-06-16 23:43:04.560  INFO [no-trace] c.j.service.RewriteCoordinatorService    : Actor-Critic round=2/4, hasFeedback=true
2026-06-16 23:43:16.754  INFO [no-trace] c.j.service.RewriteCoordinatorService    : Critic result: approved=true, maxSeverity=0, violations=0, round=2/4
2026-06-16 23:43:21.049  INFO [no-trace] c.j.s.RoundOptimizationValidatorTest     :   [C4-1] rounds=2 approved=true violations=0
2026-06-16 23:43:21.050  INFO [no-trace] c.j.service.RewriteCoordinatorService    : Actor-Critic round=1/4, hasFeedback=false
2026-06-16 23:43:33.170  INFO [no-trace] c.j.service.RewriteCoordinatorService    : Critic result: approved=true, maxSeverity=0, violations=0, round=1/4
2026-06-16 23:43:35.017  INFO [no-trace] c.j.s.RoundOptimizationValidatorTest     :   [C5-1] rounds=1 approved=true violations=0
2026-06-16 23:43:35.017  INFO [no-trace] c.j.s.RoundOptimizationValidatorTest     :   MAX_ROUNDS=4 汇总: 通过率=6/8 (75.0%) 平均轮次={:.1f} 估算token=1.5
2026-06-16 23:43:35.017  INFO [no-trace] c.j.s.RoundOptimizationValidatorTest     : --- 开始 MAX_ROUNDS=5 变体 ---
2026-06-16 23:43:35.017  INFO [no-trace] c.j.service.RewriteCoordinatorService    : Actor-Critic round=1/5, hasFeedback=false
2026-06-16 23:43:47.739  INFO [no-trace] c.j.service.RewriteCoordinatorService    : Critic result: approved=false, maxSeverity=3, violations=1, round=1/5
2026-06-16 23:43:47.740  INFO [no-trace] c.j.service.RewriteCoordinatorService    : Critic not approved, maxSeverity=3, entering rewrite loop. round=1/5
2026-06-16 23:43:47.740  INFO [no-trace] c.j.service.RewriteCoordinatorService    : Actor-Critic round=2/5, hasFeedback=true
2026-06-16 23:44:00.366  INFO [no-trace] c.j.service.RewriteCoordinatorService    : Critic result: approved=true, maxSeverity=0, violations=0, round=2/5
2026-06-16 23:44:02.640  INFO [no-trace] c.j.s.RoundOptimizationValidatorTest     :   [C1-1] rounds=2 approved=true violations=0
2026-06-16 23:44:02.641  INFO [no-trace] c.j.service.RewriteCoordinatorService    : Actor-Critic round=1/5, hasFeedback=false
2026-06-16 23:44:15.128  INFO [no-trace] c.j.service.RewriteCoordinatorService    : Critic result: approved=true, maxSeverity=0, violations=0, round=1/5
2026-06-16 23:44:20.564  INFO [no-trace] c.j.s.RoundOptimizationValidatorTest     :   [C1-2] rounds=1 approved=true violations=0
2026-06-16 23:44:20.564  INFO [no-trace] c.j.service.RewriteCoordinatorService    : Actor-Critic round=1/5, hasFeedback=false
2026-06-16 23:44:29.783  INFO [no-trace] c.j.service.RewriteCoordinatorService    : Critic result: approved=true, maxSeverity=0, violations=0, round=1/5
2026-06-16 23:44:32.531  INFO [no-trace] c.j.s.RoundOptimizationValidatorTest     :   [C2-1] rounds=1 approved=true violations=0
2026-06-16 23:44:32.531  INFO [no-trace] c.j.service.RewriteCoordinatorService    : Actor-Critic round=1/5, hasFeedback=false
2026-06-16 23:44:51.742  INFO [no-trace] c.j.service.RewriteCoordinatorService    : Critic result: approved=false, maxSeverity=3, violations=3, round=1/5
2026-06-16 23:44:51.742  INFO [no-trace] c.j.service.RewriteCoordinatorService    : Critic not approved, maxSeverity=3, entering rewrite loop. round=1/5
2026-06-16 23:44:51.742  INFO [no-trace] c.j.service.RewriteCoordinatorService    : Actor-Critic round=2/5, hasFeedback=true
2026-06-16 23:45:00.408  INFO [no-trace] c.j.service.RewriteCoordinatorService    : Critic result: approved=true, maxSeverity=0, violations=0, round=2/5
2026-06-16 23:45:02.441  INFO [no-trace] c.j.s.RoundOptimizationValidatorTest     :   [C2-2] rounds=2 approved=true violations=0
2026-06-16 23:45:02.441  INFO [no-trace] c.j.service.RewriteCoordinatorService    : Actor-Critic round=1/5, hasFeedback=false
2026-06-16 23:45:16.023  INFO [no-trace] c.j.service.RewriteCoordinatorService    : Critic result: approved=true, maxSeverity=0, violations=0, round=1/5
2026-06-16 23:45:21.889  INFO [no-trace] c.j.s.RoundOptimizationValidatorTest     :   [C3-1] rounds=1 approved=false violations=1
2026-06-16 23:45:21.889  INFO [no-trace] c.j.service.RewriteCoordinatorService    : Actor-Critic round=1/5, hasFeedback=false
2026-06-16 23:45:44.249  INFO [no-trace] c.j.service.RewriteCoordinatorService    : Critic result: approved=false, maxSeverity=2, violations=2, round=1/5
2026-06-16 23:45:44.249  WARN [no-trace] c.j.service.RewriteCoordinatorService    : Critic not approved but maxSeverity=2 (MINOR_EMBELLISHMENT only), treating as passed. round=1/5
2026-06-16 23:45:55.318  INFO [no-trace] c.j.s.RoundOptimizationValidatorTest     :   [C3-2] rounds=1 approved=false violations=1
2026-06-16 23:45:55.319  INFO [no-trace] c.j.service.RewriteCoordinatorService    : Actor-Critic round=1/5, hasFeedback=false
2026-06-16 23:46:12.339  INFO [no-trace] c.j.service.RewriteCoordinatorService    : Critic result: approved=false, maxSeverity=3, violations=2, round=1/5
2026-06-16 23:46:12.339  INFO [no-trace] c.j.service.RewriteCoordinatorService    : Critic not approved, maxSeverity=3, entering rewrite loop. round=1/5
2026-06-16 23:46:12.340  INFO [no-trace] c.j.service.RewriteCoordinatorService    : Actor-Critic round=2/5, hasFeedback=true
2026-06-16 23:46:28.958  INFO [no-trace] c.j.service.RewriteCoordinatorService    : Critic result: approved=true, maxSeverity=0, violations=0, round=2/5
2026-06-16 23:46:32.219  INFO [no-trace] c.j.s.RoundOptimizationValidatorTest     :   [C4-1] rounds=2 approved=true violations=0
2026-06-16 23:46:32.219  INFO [no-trace] c.j.service.RewriteCoordinatorService    : Actor-Critic round=1/5, hasFeedback=false
2026-06-16 23:46:41.701  INFO [no-trace] c.j.service.RewriteCoordinatorService    : Critic result: approved=true, maxSeverity=0, violations=0, round=1/5
2026-06-16 23:46:44.181  INFO [no-trace] c.j.s.RoundOptimizationValidatorTest     :   [C5-1] rounds=1 approved=true violations=0
2026-06-16 23:46:44.181  INFO [no-trace] c.j.s.RoundOptimizationValidatorTest     :   MAX_ROUNDS=5 汇总: 通过率=6/8 (75.0%) 平均轮次={:.1f} 估算token=1.375
2026-06-16 23:46:44.183  INFO [no-trace] c.j.s.RoundOptimizationValidatorTest     : 

================================================================
2026-06-16 23:46:44.184  INFO [no-trace] c.j.s.RoundOptimizationValidatorTest     :   验证实验报告
2026-06-16 23:46:44.184  INFO [no-trace] c.j.s.RoundOptimizationValidatorTest     : ================================================================

2026-06-16 23:46:44.188  INFO [no-trace] c.j.s.RoundOptimizationValidatorTest     : MAX_ROUNDS |   通过数 |   通过率 |   平均轮次 |    平均违规 |    死锁 |  估算token |    成本¥
2026-06-16 23:46:44.188  INFO [no-trace] c.j.s.RoundOptimizationValidatorTest     : -------------------------------------------------------------------------
2026-06-16 23:46:44.241  INFO [no-trace] c.j.s.RoundOptimizationValidatorTest     : 1          |     3 |   38% |   1.0 |   0.8 |    5 |    80400 | 0.113
2026-06-16 23:46:44.243  INFO [no-trace] c.j.s.RoundOptimizationValidatorTest     : 2          |     6 |   75% |   1.1 |   0.3 |    0 |    87400 | 0.122
2026-06-16 23:46:44.243  INFO [no-trace] c.j.s.RoundOptimizationValidatorTest     : 3          |     5 |   63% |   1.5 |   0.4 |    0 |   108400 | 0.152
2026-06-16 23:46:44.243  INFO [no-trace] c.j.s.RoundOptimizationValidatorTest     : 4          |     6 |   75% |   1.5 |   0.1 |    1 |   115400 | 0.162
2026-06-16 23:46:44.243  INFO [no-trace] c.j.s.RoundOptimizationValidatorTest     : 5          |     6 |   75% |   1.4 |   0.3 |    0 |   101400 | 0.142
2026-06-16 23:46:44.244  INFO [no-trace] c.j.s.RoundOptimizationValidatorTest     : 
--- 详细用例结果 ---
2026-06-16 23:46:44.244  INFO [no-trace] c.j.s.RoundOptimizationValidatorTest     : 
[MAX_ROUNDS=1]
2026-06-16 23:46:44.250  INFO [no-trace] c.j.s.RoundOptimizationValidatorTest     :   ✗ C1-1 rounds=1 violations=[BP1 EXAGGERATION(sev=3)] 
2026-06-16 23:46:44.250  INFO [no-trace] c.j.s.RoundOptimizationValidatorTest     :   ✗ C1-2 rounds=1 violations=[BP1 EXAGGERATION(sev=3)] 
2026-06-16 23:46:44.250  INFO [no-trace] c.j.s.RoundOptimizationValidatorTest     :   ✓ C2-1 rounds=1 violations=无 
2026-06-16 23:46:44.250  INFO [no-trace] c.j.s.RoundOptimizationValidatorTest     :   ✗ C2-2 rounds=1 violations=[BP2 FAKE_TECH(sev=3)], [BP3 EXAGGERATION(sev=3)] 
2026-06-16 23:46:44.250  INFO [no-trace] c.j.s.RoundOptimizationValidatorTest     :   ✓ C3-1 rounds=1 violations=无 
2026-06-16 23:46:44.250  INFO [no-trace] c.j.s.RoundOptimizationValidatorTest     :   ✓ C3-2 rounds=1 violations=无 
2026-06-16 23:46:44.250  INFO [no-trace] c.j.s.RoundOptimizationValidatorTest     :   ✗ C4-1 rounds=1 violations=[BP1 EXAGGERATION(sev=3)] 
2026-06-16 23:46:44.250  INFO [no-trace] c.j.s.RoundOptimizationValidatorTest     :   ✗ C5-1 rounds=1 violations=[BP1 EXAGGERATION(sev=3)] 
2026-06-16 23:46:44.250  INFO [no-trace] c.j.s.RoundOptimizationValidatorTest     : 
[MAX_ROUNDS=2]
2026-06-16 23:46:44.251  INFO [no-trace] c.j.s.RoundOptimizationValidatorTest     :   ✓ C1-1 rounds=2 violations=无 
2026-06-16 23:46:44.251  INFO [no-trace] c.j.s.RoundOptimizationValidatorTest     :   ✗ C1-2 rounds=1 violations=[BP1 EXAGGERATION(sev=2)] 
2026-06-16 23:46:44.251  INFO [no-trace] c.j.s.RoundOptimizationValidatorTest     :   ✓ C2-1 rounds=1 violations=无 
2026-06-16 23:46:44.251  INFO [no-trace] c.j.s.RoundOptimizationValidatorTest     :   ✓ C2-2 rounds=1 violations=无 
2026-06-16 23:46:44.251  INFO [no-trace] c.j.s.RoundOptimizationValidatorTest     :   ✓ C3-1 rounds=1 violations=无 
2026-06-16 23:46:44.251  INFO [no-trace] c.j.s.RoundOptimizationValidatorTest     :   ✓ C3-2 rounds=1 violations=无 
2026-06-16 23:46:44.251  INFO [no-trace] c.j.s.RoundOptimizationValidatorTest     :   ✗ C4-1 rounds=1 violations=[BP1 EXAGGERATION(sev=3)] 
2026-06-16 23:46:44.251  INFO [no-trace] c.j.s.RoundOptimizationValidatorTest     :   ✓ C5-1 rounds=1 violations=无 
2026-06-16 23:46:44.251  INFO [no-trace] c.j.s.RoundOptimizationValidatorTest     : 
[MAX_ROUNDS=3]
2026-06-16 23:46:44.251  INFO [no-trace] c.j.s.RoundOptimizationValidatorTest     :   ✓ C1-1 rounds=2 violations=无 
2026-06-16 23:46:44.251  INFO [no-trace] c.j.s.RoundOptimizationValidatorTest     :   ✓ C1-2 rounds=2 violations=无 
2026-06-16 23:46:44.251  INFO [no-trace] c.j.s.RoundOptimizationValidatorTest     :   ✗ C2-1 rounds=1 violations=[BP2 EXAGGERATION(sev=2)] 
2026-06-16 23:46:44.251  INFO [no-trace] c.j.s.RoundOptimizationValidatorTest     :   ✗ C2-2 rounds=1 violations=[BP2 MINOR_EMBELLISHMENT(sev=1)] 
2026-06-16 23:46:44.251  INFO [no-trace] c.j.s.RoundOptimizationValidatorTest     :   ✓ C3-1 rounds=2 violations=无 
2026-06-16 23:46:44.251  INFO [no-trace] c.j.s.RoundOptimizationValidatorTest     :   ✓ C3-2 rounds=1 violations=无 
2026-06-16 23:46:44.251  INFO [no-trace] c.j.s.RoundOptimizationValidatorTest     :   ✓ C4-1 rounds=2 violations=无 
2026-06-16 23:46:44.251  INFO [no-trace] c.j.s.RoundOptimizationValidatorTest     :   ✗ C5-1 rounds=1 violations=[BP1 EXAGGERATION(sev=2)] 
2026-06-16 23:46:44.251  INFO [no-trace] c.j.s.RoundOptimizationValidatorTest     : 
[MAX_ROUNDS=4]
2026-06-16 23:46:44.251  INFO [no-trace] c.j.s.RoundOptimizationValidatorTest     :   ✗ C1-1 rounds=4 violations=[BP2 MINOR_EMBELLISHMENT(sev=2)] 
2026-06-16 23:46:44.251  INFO [no-trace] c.j.s.RoundOptimizationValidatorTest     :   ✓ C1-2 rounds=1 violations=无 
2026-06-16 23:46:44.251  INFO [no-trace] c.j.s.RoundOptimizationValidatorTest     :   ✓ C2-1 rounds=1 violations=无 
2026-06-16 23:46:44.256  INFO [no-trace] c.j.s.RoundOptimizationValidatorTest     :   ✗ C2-2 rounds=0 violations=无 ERR:com.google.gson.stream.MalformedJsonException: Unterminated object at line 8 column 28 path $.violations[0].detail
2026-06-16 23:46:44.257  INFO [no-trace] c.j.s.RoundOptimizationValidatorTest     :   ✓ C3-1 rounds=2 violations=无 
2026-06-16 23:46:44.257  INFO [no-trace] c.j.s.RoundOptimizationValidatorTest     :   ✓ C3-2 rounds=1 violations=无 ERR:com.google.gson.stream.MalformedJsonException: Unterminated object at line 8 column 29 path $.violations[0].detail
2026-06-16 23:46:44.257  INFO [no-trace] c.j.s.RoundOptimizationValidatorTest     :   ✓ C4-1 rounds=2 violations=无 
2026-06-16 23:46:44.257  INFO [no-trace] c.j.s.RoundOptimizationValidatorTest     :   ✓ C5-1 rounds=1 violations=无 
2026-06-16 23:46:44.257  INFO [no-trace] c.j.s.RoundOptimizationValidatorTest     : 
[MAX_ROUNDS=5]
2026-06-16 23:46:44.257  INFO [no-trace] c.j.s.RoundOptimizationValidatorTest     :   ✓ C1-1 rounds=2 violations=无 
2026-06-16 23:46:44.257  INFO [no-trace] c.j.s.RoundOptimizationValidatorTest     :   ✓ C1-2 rounds=1 violations=无 
2026-06-16 23:46:44.257  INFO [no-trace] c.j.s.RoundOptimizationValidatorTest     :   ✓ C2-1 rounds=1 violations=无 
2026-06-16 23:46:44.257  INFO [no-trace] c.j.s.RoundOptimizationValidatorTest     :   ✓ C2-2 rounds=2 violations=无 
2026-06-16 23:46:44.257  INFO [no-trace] c.j.s.RoundOptimizationValidatorTest     :   ✗ C3-1 rounds=1 violations=[BP1 EXAGGERATION(sev=3)] 
2026-06-16 23:46:44.257  INFO [no-trace] c.j.s.RoundOptimizationValidatorTest     :   ✗ C3-2 rounds=1 violations=[BP1 FAKE_TECH(sev=2)] 
2026-06-16 23:46:44.257  INFO [no-trace] c.j.s.RoundOptimizationValidatorTest     :   ✓ C4-1 rounds=2 violations=无 
2026-06-16 23:46:44.257  INFO [no-trace] c.j.s.RoundOptimizationValidatorTest     :   ✓ C5-1 rounds=1 violations=无 
2026-06-16 23:46:44.257  INFO [no-trace] c.j.s.RoundOptimizationValidatorTest     : 
--- CSV 导出 ---
2026-06-16 23:46:44.257  INFO [no-trace] c.j.s.RoundOptimizationValidatorTest     : maxRounds,caseId,category,actualRounds,approved,violationCount,violationTypes,error
2026-06-16 23:46:44.261  INFO [no-trace] c.j.s.RoundOptimizationValidatorTest     : 1,C1-1,C1-正常,1,false,1,EXAGGERATION,
2026-06-16 23:46:44.261  INFO [no-trace] c.j.s.RoundOptimizationValidatorTest     : 1,C1-2,C1-正常,1,false,1,EXAGGERATION,
2026-06-16 23:46:44.261  INFO [no-trace] c.j.s.RoundOptimizationValidatorTest     : 1,C2-1,C2-信息稀疏,1,true,0,NONE,
2026-06-16 23:46:44.261  INFO [no-trace] c.j.s.RoundOptimizationValidatorTest     : 1,C2-2,C2-信息稀疏,1,false,2,FAKE_TECH;EXAGGERATION,
2026-06-16 23:46:44.261  INFO [no-trace] c.j.s.RoundOptimizationValidatorTest     : 1,C3-1,C3-含模糊描述,1,true,0,NONE,
2026-06-16 23:46:44.261  INFO [no-trace] c.j.s.RoundOptimizationValidatorTest     : 1,C3-2,C3-含模糊描述,1,true,0,NONE,
2026-06-16 23:46:44.261  INFO [no-trace] c.j.s.RoundOptimizationValidatorTest     : 1,C4-1,C4-含精确数据,1,false,1,EXAGGERATION,
2026-06-16 23:46:44.261  INFO [no-trace] c.j.s.RoundOptimizationValidatorTest     : 1,C5-1,C5-JD/原文零交集,1,false,1,EXAGGERATION,
2026-06-16 23:46:44.261  INFO [no-trace] c.j.s.RoundOptimizationValidatorTest     : 2,C1-1,C1-正常,2,true,0,NONE,
2026-06-16 23:46:44.261  INFO [no-trace] c.j.s.RoundOptimizationValidatorTest     : 2,C1-2,C1-正常,1,false,1,EXAGGERATION,
2026-06-16 23:46:44.261  INFO [no-trace] c.j.s.RoundOptimizationValidatorTest     : 2,C2-1,C2-信息稀疏,1,true,0,NONE,
2026-06-16 23:46:44.261  INFO [no-trace] c.j.s.RoundOptimizationValidatorTest     : 2,C2-2,C2-信息稀疏,1,true,0,NONE,
2026-06-16 23:46:44.261  INFO [no-trace] c.j.s.RoundOptimizationValidatorTest     : 2,C3-1,C3-含模糊描述,1,true,0,NONE,
2026-06-16 23:46:44.261  INFO [no-trace] c.j.s.RoundOptimizationValidatorTest     : 2,C3-2,C3-含模糊描述,1,true,0,NONE,
2026-06-16 23:46:44.261  INFO [no-trace] c.j.s.RoundOptimizationValidatorTest     : 2,C4-1,C4-含精确数据,1,false,1,EXAGGERATION,
2026-06-16 23:46:44.261  INFO [no-trace] c.j.s.RoundOptimizationValidatorTest     : 2,C5-1,C5-JD/原文零交集,1,true,0,NONE,
2026-06-16 23:46:44.261  INFO [no-trace] c.j.s.RoundOptimizationValidatorTest     : 3,C1-1,C1-正常,2,true,0,NONE,
2026-06-16 23:46:44.261  INFO [no-trace] c.j.s.RoundOptimizationValidatorTest     : 3,C1-2,C1-正常,2,true,0,NONE,
2026-06-16 23:46:44.261  INFO [no-trace] c.j.s.RoundOptimizationValidatorTest     : 3,C2-1,C2-信息稀疏,1,false,1,EXAGGERATION,
2026-06-16 23:46:44.261  INFO [no-trace] c.j.s.RoundOptimizationValidatorTest     : 3,C2-2,C2-信息稀疏,1,false,1,MINOR_EMBELLISHMENT,
2026-06-16 23:46:44.262  INFO [no-trace] c.j.s.RoundOptimizationValidatorTest     : 3,C3-1,C3-含模糊描述,2,true,0,NONE,
2026-06-16 23:46:44.262  INFO [no-trace] c.j.s.RoundOptimizationValidatorTest     : 3,C3-2,C3-含模糊描述,1,true,0,NONE,
2026-06-16 23:46:44.262  INFO [no-trace] c.j.s.RoundOptimizationValidatorTest     : 3,C4-1,C4-含精确数据,2,true,0,NONE,
2026-06-16 23:46:44.262  INFO [no-trace] c.j.s.RoundOptimizationValidatorTest     : 3,C5-1,C5-JD/原文零交集,1,false,1,EXAGGERATION,
2026-06-16 23:46:44.262  INFO [no-trace] c.j.s.RoundOptimizationValidatorTest     : 4,C1-1,C1-正常,4,false,1,MINOR_EMBELLISHMENT,
2026-06-16 23:46:44.262  INFO [no-trace] c.j.s.RoundOptimizationValidatorTest     : 4,C1-2,C1-正常,1,true,0,NONE,
2026-06-16 23:46:44.262  INFO [no-trace] c.j.s.RoundOptimizationValidatorTest     : 4,C2-1,C2-信息稀疏,1,true,0,NONE,
2026-06-16 23:46:44.262  INFO [no-trace] c.j.s.RoundOptimizationValidatorTest     : 4,C2-2,C2-信息稀疏,0,false,0,NONE,com.google.gson.stream.MalformedJsonException: Unterminated object at line 8 column 28 path $.violations[0].detail
2026-06-16 23:46:44.262  INFO [no-trace] c.j.s.RoundOptimizationValidatorTest     : 4,C3-1,C3-含模糊描述,2,true,0,NONE,
2026-06-16 23:46:44.262  INFO [no-trace] c.j.s.RoundOptimizationValidatorTest     : 4,C3-2,C3-含模糊描述,1,true,0,NONE,com.google.gson.stream.MalformedJsonException: Unterminated object at line 8 column 29 path $.violations[0].detail
2026-06-16 23:46:44.262  INFO [no-trace] c.j.s.RoundOptimizationValidatorTest     : 4,C4-1,C4-含精确数据,2,true,0,NONE,
2026-06-16 23:46:44.262  INFO [no-trace] c.j.s.RoundOptimizationValidatorTest     : 4,C5-1,C5-JD/原文零交集,1,true,0,NONE,
2026-06-16 23:46:44.262  INFO [no-trace] c.j.s.RoundOptimizationValidatorTest     : 5,C1-1,C1-正常,2,true,0,NONE,
2026-06-16 23:46:44.262  INFO [no-trace] c.j.s.RoundOptimizationValidatorTest     : 5,C1-2,C1-正常,1,true,0,NONE,
2026-06-16 23:46:44.262  INFO [no-trace] c.j.s.RoundOptimizationValidatorTest     : 5,C2-1,C2-信息稀疏,1,true,0,NONE,
2026-06-16 23:46:44.262  INFO [no-trace] c.j.s.RoundOptimizationValidatorTest     : 5,C2-2,C2-信息稀疏,2,true,0,NONE,
2026-06-16 23:46:44.262  INFO [no-trace] c.j.s.RoundOptimizationValidatorTest     : 5,C3-1,C3-含模糊描述,1,false,1,EXAGGERATION,
2026-06-16 23:46:44.262  INFO [no-trace] c.j.s.RoundOptimizationValidatorTest     : 5,C3-2,C3-含模糊描述,1,false,1,FAKE_TECH,
2026-06-16 23:46:44.262  INFO [no-trace] c.j.s.RoundOptimizationValidatorTest     : 5,C4-1,C4-含精确数据,2,true,0,NONE,
2026-06-16 23:46:44.262  INFO [no-trace] c.j.s.RoundOptimizationValidatorTest     : 5,C5-1,C5-JD/原文零交集,1,true,0,NONE,
2026-06-16 23:46:44.263  INFO [no-trace] c.j.s.RoundOptimizationValidatorTest     : 
================================================================

2026-06-16 23:46:44.680 DEBUG [no-trace] c.j.s.MatchEvaluationFacadeService       : 裁剪前 JD=500字 简历=500字，裁剪后 JD=498字 简历=463字
2026-06-16 23:46:44.822 DEBUG [no-trace] c.j.s.MatchEvaluationFacadeService       : 裁剪前 JD=500字 简历=8000字，裁剪后 JD=498字 简历=3993字
2026-06-16 23:46:44.842 DEBUG [no-trace] c.j.s.MatchEvaluationFacadeService       : 裁剪前 JD=10000字 简历=10000字，裁剪后 JD=4004字 简历=3993字
2026-06-16 23:46:44.937 DEBUG [no-trace] c.j.s.MatchEvaluationFacadeService       : 裁剪前 JD=2000字 简历=2000字，裁剪后 JD=1992字 简历=1886字
2026-06-16 23:46:44.950 DEBUG [no-trace] c.j.s.MatchEvaluationFacadeService       : 裁剪前 JD=8000字 简历=500字，裁剪后 JD=4004字 简历=463字
